03-27 15:12:08.575   880   985 D SplashScreenView: Icon: view: android.widget.ImageView{c094015 V.ED..... ......I. 0,0-0,0 #1020504 android:id/splashscreen_icon_view} drawable: com.android.wm.shell.startingsurface.SplashscreenIconDrawableFactory$ImmobileIconDrawable@6b4df2a size: 160
03-27 15:12:08.575   880   985 D SplashScreenView: Branding: view: android.view.View{b7e011b G.ED..... ......I. 0,0-0,0 #1020503 android:id/splashscreen_branding_view} drawable: null size w: 0 h: 0
03-27 15:12:08.581   560  1487 I ActivityTaskManager: START u0 {act=android.intent.action.MAIN cat=[android.intent.category.LAUNCHER] flg=0x10200000 cmp=org.kotfind.android_course.task11/org.kotfind.android_course.MainActivity} with LAUNCH_MULTIPLE from uid 2000 (BAL_ALLOW_PERMISSION) result code=0
03-27 15:12:08.582 17883 17883 I Monkey  : Events injected: 1
03-27 15:12:08.589   560   583 V GrammaticalInflectionUtils: AttributionSource: AttributionSource { uid = 10154, packageName = null, attributionTag = null, token = android.os.Binder@df218af, deviceId = 0, next = null } does not have READ_SYSTEM_GRAMMATICAL_GENDER permission.
03-27 15:12:08.589   880   929 V WindowManagerShell: Transition requested (#465): android.os.BinderProxy@a19c3f6 TransitionRequestInfo { type = OPEN, triggerTask = TaskInfo{userId=0 taskId=152 displayId=0 isRunning=true baseIntent=Intent { act=android.intent.action.MAIN cat=[android.intent.category.LAUNCHER] flg=0x10200000 cmp=org.kotfind.android_course.task11/org.kotfind.android_course.MainActivity } baseActivity=ComponentInfo{org.kotfind.android_course.task11/org.kotfind.android_course.MainActivity} topActivity=ComponentInfo{org.kotfind.android_course.task11/org.kotfind.android_course.MainActivity} origActivity=null realActivity=ComponentInfo{org.kotfind.android_course.task11/org.kotfind.android_course.MainActivity} numActivities=1 lastActiveTime=165121330 supportsMultiWindow=true resizeMode=1 isResizeable=true minWidth=-1 minHeight=-1 defaultMinSize=220 token=WCT{android.window.IWindowContainerToken$Stub$Proxy@cf193f7} topActivityType=1 pictureInPictureParams=null shouldDockBigOverlays=false launchIntoPipHostTaskId=-1 lastParentTaskIdBeforePip=-1 displayCutoutSafeInsets=null topActivityInfo=ActivityInfo{5fb7264 org.kotfind.android_course.MainActivity} launchCookies=[] positionInParent=Point(0, 0) parentTaskId=-1 isFocused=false isVisible=false isVisibleRequested=false isSleeping=false locusId=null displayAreaFeatureId=1 isTopActivityTransparent=false appCompatTaskInfo=AppCompatTaskInfo { topActivityInSizeCompat=false topActivityEligibleForLetterboxEducation= falseisLetterboxEducationEnabled= false isLetterboxDoubleTapEnabled= false topActivityEligibleForUserAspectRatioButton= false topActivityBoundsLetterboxed= false isFromLetterboxDoubleTap= false topActivityLetterboxVerticalPosition= -1 topActivityLetterboxHorizontalPosition= -1 topActivityLetterboxWidth=320 topActivityLetterboxHeight=640 isUserFullscreenOverrideEnabled=false isSystemFullscreenOverrideEnabled=false cameraCompatTaskInfo=CameraCompatTaskInfo { cameraCompatControlState=hidden freeformCameraCompatMode=inactive}}}, pipTask = null, remoteTransition = null, displayChange = null, flags = 0, debugId = 465 }
03-27 15:12:08.616  1308  1308 W SplitSelectStateCtor: Missing session instanceIds
03-27 15:12:08.616  1308  1308 D StatsLog: LAUNCHER_SPLIT_SELECTION_EXIT_INTERRUPTED
03-27 15:12:08.622  1308  1308 I TopTaskTracker: onTaskMovedToFront: (moved taskInfo to front) taskId=152, baseIntent=Intent { act=android.intent.action.MAIN cat=[android.intent.category.LAUNCHER] flg=0x10200000 cmp=org.kotfind.android_course.task11/org.kotfind.android_course.MainActivity }
03-27 15:12:08.625   368   412 I netd    : tetherGetStats() -> {[]} <9.56ms>
03-27 15:12:08.643   560  2724 D CoreBackPreview: Window{27b84da u0 Splash Screen org.kotfind.android_course.task11}: Setting back callback OnBackInvokedCallbackInfo{mCallback=android.window.IOnBackInvokedCallback$Stub$Proxy@c5b2e01, mPriority=0, mIsAnimationCallback=false}
03-27 15:12:08.650   435   435 I BpBinder: onLastStrongRef automatically unlinking death recipients: 
03-27 15:12:08.664 17883 17883 I Monkey  : ## Network stats: elapsed time=92ms (0ms mobile, 0ms wifi, 92ms not connected)
03-27 15:12:08.665 17883 17883 I app_process: System.exit called, status: 0
03-27 15:12:08.665 17883 17883 I AndroidRuntime: VM exiting with result code 0.
03-27 15:12:08.669   880   929 W Looper  : Slow dispatch took 84ms wmshell.main h=android.os.Handler c=com.android.wm.shell.transition.Transitions$TransitionPlayerImpl$$ExternalSyntheticLambda1@1815bce m=0
03-27 15:12:08.680   880   929 W Looper  : Slow delivery took 96ms wmshell.main h=android.os.Handler c=null m=16
03-27 15:12:08.681   880   929 D WindowManagerShell: setLauncherKeepClearAreaHeight: visible=false, height=110
03-27 15:12:08.694   369   369 D Zygote  : Forked child process 17896
03-27 15:12:08.695   560   591 W ActivityManager: Slow operation: 102ms so far, now at startProcess: returned from zygote!
03-27 15:12:08.695   560   591 W ActivityManager: Slow operation: 102ms so far, now at startProcess: done updating battery stats
03-27 15:12:08.695   560   591 W ActivityManager: Slow operation: 102ms so far, now at startProcess: building log message
03-27 15:12:08.695   560   591 I ActivityManager: Start proc 17896:org.kotfind.android_course.task11/u0a154 for next-top-activity {org.kotfind.android_course.task11/org.kotfind.android_course.MainActivity}
03-27 15:12:08.695   560   591 W ActivityManager: Slow operation: 103ms so far, now at startProcess: starting to update pids map
03-27 15:12:08.698   560   591 W ActivityManager: Slow operation: 106ms so far, now at startProcess: done updating pids map
03-27 15:12:08.703  1308  1578 D EGL_emulation: app_time_stats: avg=177.30ms min=36.90ms max=931.35ms count=8
03-27 15:12:08.704   560   580 V WindowManager: Sent Transition (#465) createdAt=03-27 15:12:08.535 via request=TransitionRequestInfo { type = OPEN, triggerTask = TaskInfo{userId=0 taskId=152 displayId=0 isRunning=true baseIntent=Intent { act=android.intent.action.MAIN cat=[android.intent.category.LAUNCHER] flg=0x10200000 cmp=org.kotfind.android_course.task11/org.kotfind.android_course.MainActivity } baseActivity=ComponentInfo{org.kotfind.android_course.task11/org.kotfind.android_course.MainActivity} topActivity=ComponentInfo{org.kotfind.android_course.task11/org.kotfind.android_course.MainActivity} origActivity=null realActivity=ComponentInfo{org.kotfind.android_course.task11/org.kotfind.android_course.MainActivity} numActivities=1 lastActiveTime=165121330 supportsMultiWindow=true resizeMode=1 isResizeable=true minWidth=-1 minHeight=-1 defaultMinSize=220 token=WCT{RemoteToken{f4d3283 Task{83b99ce #152 type=standard A=10154:org.kotfind.android_course.task11}}} topActivityType=1 pictureInPictureParams=null shouldDockBigOverlays=false launchIntoPipHostTaskId=-1 lastParentTaskIdBeforePip=-1 displayCutoutSafeInsets=null topActivityInfo=ActivityInfo{d949c00 org.kotfind.android_course.MainActivity} launchCookies=[] positionInParent=Point(0, 0) parentTaskId=-1 isFocused=false isVisible=false isVisibleRequested=false isSleeping=false locusId=null displayAreaFeatureId=1 isTopActivityTransparent=false appCompatTaskInfo=AppCompatTaskInfo { topActivityInSizeCompat=false topActivityEligibleForLetterboxEducation= falseisLetterboxEducationEnabled= false isLetterboxDoubleTapEnabled= false topActivityEligibleForUserAspectRatioButton= false topActivityBoundsLetterboxed= false isFromLetterboxDoubleTap= false topActivityLetterboxVerticalPosition= -1 topActivityLetterboxHorizontalPosition= -1 topActivityLetterboxWidth=320 topActivityLetterboxHeight=640 isUserFullscreenOverrideEnabled=false isSystemFullscreenOverrideEnabled=false cameraCompatTaskInfo=CameraCompatTaskInfo { cameraCompatControlState=hidden freeformCameraCompatMode=inactive}}}, pipTask = null, remoteTransition = null, displayChange = null, flags = 0, debugId = 465 }
03-27 15:12:08.705   880   910 V WindowManagerShell: onTransitionReady(transaction=2405181708346)
03-27 15:12:08.705   880   929 V WindowManagerShell: onTransitionReady (#465) android.os.BinderProxy@a19c3f6: {id=465 t=OPEN f=0x0 trk=0 r=[0@Point(0, 0)] c=[{WCT{android.window.IWindowContainerToken$Stub$Proxy@e2c69e8} m=OPEN f=NONE leash=Surface(name=Task=152)/@0xa7b5885 sb=Rect(0, 0 - 320, 640) eb=Rect(0, 0 - 320, 640) d=0 taskParent=-1},{WCT{android.window.IWindowContainerToken$Stub$Proxy@29df801} m=TO_BACK f=SHOW_WALLPAPER leash=Surface(name=Task=1)/@0x75b66da sb=Rect(0, 0 - 320, 640) eb=Rect(0, 0 - 320, 640) d=0 taskParent=-1}]}
03-27 15:12:08.706   560   580 V WindowManager:     startWCT=WindowContainerTransaction { changes = {} hops = [] errorCallbackToken=null taskFragmentOrganizer=null }
03-27 15:12:08.706   560   580 V WindowManager:     info={id=465 t=OPEN f=0x0 trk=0 r=[0@Point(0, 0)] c=[
03-27 15:12:08.706   560   580 V WindowManager:         {WCT{RemoteToken{f4d3283 Task{83b99ce #152 type=standard A=10154:org.kotfind.android_course.task11}}} m=OPEN f=NONE leash=Surface(name=Task=152)/@0x64ba93d sb=Rect(0, 0 - 320, 640) eb=Rect(0, 0 - 320, 640) d=0 taskParent=-1},
03-27 15:12:08.706   560   580 V WindowManager:         {WCT{RemoteToken{84da454 Task{48557e1 #1 type=home}}} m=TO_BACK f=SHOW_WALLPAPER leash=Surface(name=Task=1)/@0xfe13d5a sb=Rect(0, 0 - 320, 640) eb=Rect(0, 0 - 320, 640) d=0 taskParent=-1}
03-27 15:12:08.706   560   580 V WindowManager:     ]}
03-27 15:12:08.709   880   929 V WindowManagerShell: Playing animation for (#465) android.os.BinderProxy@a19c3f6@0
03-27 15:12:08.709   880   929 V WindowManagerShell:  try handler com.android.wm.shell.transition.DefaultMixedHandler@78727ab
03-27 15:12:08.710   880   929 V WindowManagerShell:  try handler com.android.wm.shell.keyguard.KeyguardTransitionHandler@be42e08
03-27 15:12:08.710   880   929 V WindowManagerShell:  try handler com.android.wm.shell.pip.PipTransition@85e39a1
03-27 15:12:08.710   880   929 V WindowManagerShell:  try handler com.android.wm.shell.activityembedding.ActivityEmbeddingController@933c7c6
03-27 15:12:08.710   880   929 V WindowManagerShell:  try handler com.android.wm.shell.recents.RecentsTransitionHandler@b0e9387
03-27 15:12:08.710   880   929 V ShellRecents: RecentsTransitionHandler.startAnimation: no controller found
03-27 15:12:08.710   880   929 V WindowManagerShell:  try handler com.android.wm.shell.splitscreen.StageCoordinator@79222b4
03-27 15:12:08.710   880   929 V WindowManagerShell:  try handler com.android.wm.shell.transition.RemoteTransitionHandler@b03cedd
03-27 15:12:08.710   880   929 V WindowManagerShell: Transition doesn't have explicit remote, search filters for match for {id=465 t=OPEN f=0x0 trk=0 r=[0@Point(0, 0)] c=[{WCT{android.window.IWindowContainerToken$Stub$Proxy@e2c69e8} m=OPEN f=NONE leash=Surface(name=Task=152)/@0xa7b5885 sb=Rect(0, 0 - 320, 640) eb=Rect(0, 0 - 320, 640) d=0 taskParent=-1},{WCT{android.window.IWindowContainerToken$Stub$Proxy@29df801} m=TO_BACK f=SHOW_WALLPAPER leash=Surface(name=Task=1)/@0x75b66da sb=Rect(0, 0 - 320, 640) eb=Rect(0, 0 - 320, 640) d=0 taskParent=-1}]}
03-27 15:12:08.710   880   929 V WindowManagerShell:  Checking filter Pair{{types=[] flags=0x0] notFlags=0x100 checks=[{atype=home independent=true modes=[OPEN,TO_FRONT] flags=NONE mustBeTask=false order=TOP topActivity=ComponentInfo{com.android.launcher3/com.android.launcher3.uioverrides.QuickstepLauncher} launchCookie=null},{atype=standard independent=true modes=[CLOSE,TO_BACK] flags=NONE mustBeTask=false order=ANY topActivity=null launchCookie=null}]} RemoteTransition { remoteTransition = android.window.IRemoteTransition$Stub$Proxy@9bba685, appThread = android.app.IApplicationThread$Stub$Proxy@1809cda, debugName = QuickstepLaunchHome }}
03-27 15:12:08.710   880   929 V WindowManagerShell:  Delegate animation for (#465) to null
03-27 15:12:08.710   880   929 V WindowManagerShell:  try handler com.android.wm.shell.transition.DefaultTransitionHandler@e88b620
03-27 15:12:08.710   880   929 V WindowManagerShell: start default transition animation, info = {id=465 t=OPEN f=0x0 trk=0 r=[0@Point(0, 0)] c=[{WCT{android.window.IWindowContainerToken$Stub$Proxy@e2c69e8} m=OPEN f=NONE leash=Surface(name=Task=152)/@0xa7b5885 sb=Rect(0, 0 - 320, 640) eb=Rect(0, 0 - 320, 640) d=0 taskParent=-1},{WCT{android.window.IWindowContainerToken$Stub$Proxy@29df801} m=TO_BACK f=SHOW_WALLPAPER leash=Surface(name=Task=1)/@0x75b66da sb=Rect(0, 0 - 320, 640) eb=Rect(0, 0 - 320, 640) d=0 taskParent=-1}]}
03-27 15:12:08.717 17896 17896 I d_course.task11: Late-enabling -Xcheck:jni
03-27 15:12:08.736   880  1021 D EGL_emulation: app_time_stats: avg=275.25ms min=36.89ms max=941.47ms count=5
03-27 15:12:08.736   560  2227 W UserManagerService: Requested status bar icon for non-badged user 0
03-27 15:12:08.752   880   929 V WindowManagerShell: loadAnimation: anim=android.view.animation.AnimationSet@ef1133d animAttr=0x13 type=OPEN isEntrance=false
03-27 15:12:08.752   880   929 V WindowManagerShell: loadAnimation: anim=android.view.animation.AnimationSet@660a639 animAttr=0x12 type=OPEN isEntrance=true
03-27 15:12:08.757 17896 17896 I d_course.task11: Using CollectorTypeCMC GC.
03-27 15:12:08.757 17896 17896 W d_course.task11: Unexpected CPU variant for x86: x86_64.
03-27 15:12:08.757 17896 17896 W d_course.task11: Known variants: atom, sandybridge, silvermont, goldmont, goldmont-plus, goldmont-without-sha-xsaves, tremont, kabylake, default
03-27 15:12:08.771   880   929 V WindowManagerShell:  animated by com.android.wm.shell.transition.DefaultTransitionHandler@e88b620
03-27 15:12:08.771   880   929 W Looper  : Drained
03-27 15:12:08.771   880   929 W Looper  : Slow dispatch took 66ms wmshell.main h=android.os.Handler c=com.android.wm.shell.transition.Transitions$TransitionPlayerImpl$$ExternalSyntheticLambda0@7908ddf m=0
03-27 15:12:08.771   880   929 W Looper  : Slow delivery took 47ms wmshell.main h=android.os.Handler c=null m=1
03-27 15:12:08.778  1308  1578 D EGL_emulation: app_time_stats: avg=220.76ms min=3.96ms max=1055.21ms count=6
03-27 15:12:08.789   442   455 I adbd    : jdwp connection from 17896
03-27 15:12:08.810  1308  1308 W FrameTracker: Missed App frame:UNKNOWN: 72, 1532889, 0, CUJ=J<LAUNCHER_APP_CLOSE_TO_HOME_FALLBACK>
03-27 15:12:08.810  1308  1308 W FrameTracker: Missing HWUI jank callback for vsyncId: 1532889, CUJ=J<LAUNCHER_APP_CLOSE_TO_HOME_FALLBACK>
03-27 15:12:08.810  1308  1308 W FrameTracker: Missed App frame:UNKNOWN: 74, 1532904, 72282424, CUJ=J<LAUNCHER_APP_CLOSE_TO_HOME_FALLBACK>
03-27 15:12:08.810  1308  1308 W FrameTracker: Missed SF frame:UNKNOWN: 74, 1532904, 72282424, CUJ=J<LAUNCHER_APP_CLOSE_TO_HOME_FALLBACK>
03-27 15:12:08.810  1308  1308 W FrameTracker: Missed App frame:UNKNOWN: 74, 1532912, 145634665, CUJ=J<LAUNCHER_APP_CLOSE_TO_HOME_FALLBACK>
03-27 15:12:08.810  1308  1308 W FrameTracker: Missed SF frame:UNKNOWN: 74, 1532912, 145634665, CUJ=J<LAUNCHER_APP_CLOSE_TO_HOME_FALLBACK>
03-27 15:12:08.810  1308  1308 W FrameTracker: Missed App frame:UNKNOWN: 72, 1532935, 0, CUJ=J<LAUNCHER_APP_CLOSE_TO_HOME_FALLBACK>
03-27 15:12:08.810  1308  1308 W FrameTracker: Missing HWUI jank callback for vsyncId: 1532935, CUJ=J<LAUNCHER_APP_CLOSE_TO_HOME_FALLBACK>
03-27 15:12:08.810  1308  1308 W FrameTracker: Missed App frame:UNKNOWN: 74, 1532950, 159002773, CUJ=J<LAUNCHER_APP_CLOSE_TO_HOME_FALLBACK>
03-27 15:12:08.810  1308  1308 W FrameTracker: Missed SF frame:UNKNOWN: 74, 1532950, 159002773, CUJ=J<LAUNCHER_APP_CLOSE_TO_HOME_FALLBACK>
03-27 15:12:08.810  1308  1308 W FrameTracker: Missed App frame:UNKNOWN: 74, 1532960, 0, CUJ=J<LAUNCHER_APP_CLOSE_TO_HOME_FALLBACK>
03-27 15:12:08.810  1308  1308 W FrameTracker: Missed SF frame:UNKNOWN: 74, 1532960, 0, CUJ=J<LAUNCHER_APP_CLOSE_TO_HOME_FALLBACK>
03-27 15:12:08.810  1308  1308 W FrameTracker: Missing HWUI jank callback for vsyncId: 1532960, CUJ=J<LAUNCHER_APP_CLOSE_TO_HOME_FALLBACK>
03-27 15:12:08.839  1308  1399 V PerfettoTrigger: Triggering /system/bin/trigger_perfetto com.android.telemetry.interaction-jank-monitor-78
03-27 15:12:08.876 17896 17896 D nativeloader: Load libframework-connectivity-tiramisu-jni.so using APEX ns com_android_tethering for caller /apex/com.android.tethering/javalib/framework-connectivity-t.jar: ok
03-27 15:12:08.885   880   929 W Looper  : Drained
03-27 15:12:08.984 17896 17896 D CompatChangeReporter: Compat change id reported: 242716250; UID 10154; state: ENABLED
03-27 15:12:09.002 17896 17896 W ziparchive: Unable to open '/data/app/~~LzTrUt6dEnYA7mnT0N_MWA==/org.kotfind.android_course.task11-YqfbpAErz3scpFrKeSSsTQ==/base.dm': No such file or directory
03-27 15:12:09.007 17896 17896 W ziparchive: Unable to open '/data/app/~~LzTrUt6dEnYA7mnT0N_MWA==/org.kotfind.android_course.task11-YqfbpAErz3scpFrKeSSsTQ==/base.dm': No such file or directory
03-27 15:12:09.068   880   929 V WindowManagerShell: Transition animation finished (aborted=false), notifying core (#465) android.os.BinderProxy@a19c3f6@0
03-27 15:12:09.069   560   580 V WindowManager: Finish Transition (#465): created at 03-27 15:12:08.535 collect-started=0.03ms request-sent=37.88ms started=93.837ms ready=163.717ms sent=168.261ms finished=533.115ms
03-27 15:12:09.073   880   929 V WindowManagerShell: Track 0 became idle
03-27 15:12:09.073   880   929 V WindowManagerShell: All active transition animations finished
03-27 15:12:09.085  1308  1308 D VRI[QuickstepLauncher]: visibilityChanged oldVisibility=true newVisibility=false
03-27 15:12:09.121   560   950 W UserManagerService: Requested status bar icon for non-badged user 0
03-27 15:12:09.122   560   950 W UserManagerService: Requested status bar icon for non-badged user 0
03-27 15:12:09.201 17896 17896 D nativeloader: Configuring clns-7 for other apk /data/app/~~LzTrUt6dEnYA7mnT0N_MWA==/org.kotfind.android_course.task11-YqfbpAErz3scpFrKeSSsTQ==/base.apk. target_sdk_version=34, uses_libraries=, library_path=/data/app/~~LzTrUt6dEnYA7mnT0N_MWA==/org.kotfind.android_course.task11-YqfbpAErz3scpFrKeSSsTQ==/lib/x86_64:/data/app/~~LzTrUt6dEnYA7mnT0N_MWA==/org.kotfind.android_course.task11-YqfbpAErz3scpFrKeSSsTQ==/base.apk!/lib/x86_64, permitted_path=/data:/mnt/expand:/data/user/0/org.kotfind.android_course.task11
03-27 15:12:09.218 17896 17896 V GraphicsEnvironment: Currently set values for:
03-27 15:12:09.218 17896 17896 V GraphicsEnvironment:   angle_gl_driver_selection_pkgs=[]
03-27 15:12:09.218 17896 17896 V GraphicsEnvironment:   angle_gl_driver_selection_values=[]
03-27 15:12:09.218 17896 17896 V GraphicsEnvironment: Global.Settings values are invalid: number of packages: 0, number of values: 0
03-27 15:12:09.218 17896 17896 V GraphicsEnvironment: Neither updatable production driver nor prerelease driver is supported.
03-27 15:12:09.368 17896 17896 W HWUI    : Unknown dataspace 0
03-27 15:12:09.772   560   950 D CoreBackPreview: Window{ce3c0e1 u0 org.kotfind.android_course.task11/org.kotfind.android_course.MainActivity}: Setting back callback OnBackInvokedCallbackInfo{mCallback=android.window.IOnBackInvokedCallback$Stub$Proxy@6afd492, mPriority=0, mIsAnimationCallback=false}
03-27 15:12:09.831 17896 17913 I EGL_emulation: Opening libGLESv1_CM_emulation.so
03-27 15:12:09.831 17896 17913 I EGL_emulation: Opening libGLESv2_emulation.so
03-27 15:12:09.858 17896 17913 W HWUI    : Failed to initialize 101010-2 format, error = EGL_SUCCESS
03-27 15:12:09.888   165   165 I hwservicemanager: getTransport: Cannot find entry android.hardware.graphics.mapper@4.0::IMapper/default in either framework or device VINTF manifest.
03-27 15:12:09.889 17896 17913 I Gralloc4: mapper 4.x is not supported
03-27 15:12:09.950     0     0 I servicemanager: Caller(pid=17896,uid=10154,sid=u:r:untrusted_app:s0:c154,c256,c512,c768) Could not find android.hardware.graphics.allocator.IAllocator/default in the VINTF manifest. No alternative instances declared in VINTF.
03-27 15:12:10.265   560   801 D InetDiagMessage: Destroyed 0 sockets, proto=IPPROTO_TCP, family=AF_INET, states=14
03-27 15:12:10.266   560   801 D InetDiagMessage: Destroyed 0 sockets, proto=IPPROTO_TCP, family=AF_INET6, states=14
03-27 15:12:10.266   560   801 D InetDiagMessage: Destroyed live tcp sockets for uids={10152} in 1ms
03-27 15:12:10.270   560   801 D InetDiagMessage: Destroyed 0 sockets, proto=IPPROTO_TCP, family=AF_INET, states=14
03-27 15:12:10.270   560   801 D InetDiagMessage: Destroyed 0 sockets, proto=IPPROTO_TCP, family=AF_INET6, states=14
03-27 15:12:10.270   560   801 D InetDiagMessage: Destroyed live tcp sockets for uids={20152} in 5ms
03-27 15:12:10.320 17896 17900 I d_course.task11: Compiler allocated 5174KB to compile void android.view.ViewRootImpl.performTraversals()
03-27 15:12:10.736   560   580 W ziparchive: Unable to open '/data/app/~~LzTrUt6dEnYA7mnT0N_MWA==/org.kotfind.android_course.task11-YqfbpAErz3scpFrKeSSsTQ==/base.dm': No such file or directory
03-27 15:12:10.738 17896 17907 I HWUI    : Davey! duration=1346ms; Flags=1, FrameTimelineVsyncId=1533589, IntendedVsync=165122137931776, Vsync=165122137931776, InputEventId=0, HandleInputStart=165122138333459, AnimationStart=165122138339927, PerformTraversalsStart=165122138346316, DrawStart=165122691499545, FrameDeadline=165122154598442, FrameInterval=165122138312545, FrameStartTime=16666666, SyncQueued=165122704483082, SyncStart=165122704765608, IssueDrawCommandsStart=165122705111129, SwapBuffers=165123275231461, FrameCompleted=165123484671893, DequeueBufferDuration=7576, QueueBufferDuration=579449, GpuCompleted=165123484596449, SwapBuffersCompleted=165123484671893, DisplayPresentTime=0, CommandSubmissionCompleted=165123275231461, 
03-27 15:12:10.739   560   580 I ActivityTaskManager: Displayed org.kotfind.android_course.task11/org.kotfind.android_course.MainActivity for user 0: +2s207ms
03-27 15:12:10.768 17896 17896 I Choreographer: Skipped 78 frames!  The application may be doing too much work on its main thread.
03-27 15:12:10.776   560   673 I ImeTracker: org.kotfind.android_course.task11:5f170dce: onRequestHide at ORIGIN_SERVER reason HIDE_UNSPECIFIED_WINDOW fromUser false
03-27 15:12:10.776   560   673 I ImeTracker: org.kotfind.android_course.task11:5f170dce: onCancelled at PHASE_SERVER_SHOULD_HIDE
03-27 15:12:10.784  1308  1308 D BaseDepthController: setSurface:
03-27 15:12:10.784  1308  1308 D BaseDepthController: 	mWaitingOnSurfaceValidity: false
03-27 15:12:10.784  1308  1308 D BaseDepthController: 	mSurface: null
03-27 15:12:10.784  1308  1308 D BaseDepthController: mSurface is null and mCurrentBlur is: 0
03-27 15:12:10.785  1308  1308 D StateManager: goToState - fromState: Normal, toState: Normal, partial trace:
03-27 15:12:10.785  1308  1308 D StateManager: 	at com.android.launcher3.statemanager.StateManager.moveToRestState(StateManager.java:453)
03-27 15:12:10.785  1308  1308 D StateManager: 	at com.android.launcher3.statemanager.StateManager.moveToRestState(StateManager.java:444)
03-27 15:12:10.785  1308  1308 D StateManager: 	at com.android.launcher3.statemanager.StatefulActivity.onStop(StatefulActivity.java:119)
03-27 15:12:10.785  1308  1308 D StatsLog: LAUNCHER_ONSTOP
03-27 15:12:10.785   560  2227 I AppWidgetServiceImpl: setAppWidgetHidden() 0
03-27 15:12:10.820   368   412 I netd    : tetherGetStats() -> {[]} <0.72ms>
03-27 15:12:11.106   476   551 W IPCThreadState: Sending oneway calls to frozen process.
03-27 15:12:11.143   880   983 W WindowOnBackDispatcher: sendCancelIfRunning: isInProgress=false callback=android.view.ViewRootImpl$$ExternalSyntheticLambda11@4a17893
03-27 15:12:11.143   560  2230 D CoreBackPreview: Window{27b84da u0 Splash Screen org.kotfind.android_course.task11 EXITING}: Setting back callback null
03-27 15:12:11.145   560   950 W InputManager-JNI: Input channel object '27b84da Splash Screen org.kotfind.android_course.task11 (client)' was disposed without first being removed with the input manager!
03-27 15:12:11.194   880   983 W FrameTracker: Missed App frame:UNKNOWN: 24, 1533651, 28935809, CUJ=J<SPLASHSCREEN_EXIT_ANIM>
03-27 15:12:11.195   880   983 W FrameTracker: Missed SF frame:UNKNOWN: 24, 1533651, 28935809, CUJ=J<SPLASHSCREEN_EXIT_ANIM>
03-27 15:12:11.195   880   983 W FrameTracker: Missed SF frame:UNKNOWN: 80, 1533659, 28870858, CUJ=J<SPLASHSCREEN_EXIT_ANIM>
03-27 15:12:11.195   880   983 W FrameTracker: Missed SF frame:UNKNOWN: 80, 1533681, 26764650, CUJ=J<SPLASHSCREEN_EXIT_ANIM>
03-27 15:12:11.195   880   983 W FrameTracker: Missed SF frame:UNKNOWN: 80, 1533696, 0, CUJ=J<SPLASHSCREEN_EXIT_ANIM>
03-27 15:12:11.196   880   983 W FrameTracker: Missing HWUI jank callback for vsyncId: 1533696, CUJ=J<SPLASHSCREEN_EXIT_ANIM>
03-27 15:12:11.200   880   983 W FrameTracker: Missed SF frame:UNKNOWN: 80, 1533718, 31246662, CUJ=J<SPLASHSCREEN_EXIT_ANIM>
03-27 15:12:11.200   880   983 W FrameTracker: Missed SF frame:UNKNOWN: 80, 1533733, 29932010, CUJ=J<SPLASHSCREEN_EXIT_ANIM>
03-27 15:12:11.200   880   983 W FrameTracker: Missed SF frame:UNKNOWN: 80, 1533741, 29509158, CUJ=J<SPLASHSCREEN_EXIT_ANIM>
03-27 15:12:11.200   880   983 W FrameTracker: Missed SF frame:UNKNOWN: 80, 1533749, 26547166, CUJ=J<SPLASHSCREEN_EXIT_ANIM>
03-27 15:12:11.200   880   983 W FrameTracker: Missing HWUI jank callback for vsyncId: 1533757, CUJ=J<SPLASHSCREEN_EXIT_ANIM>
03-27 15:12:11.201   880   983 W FrameTracker: Missed SF frame:UNKNOWN: 80, 1533765, 34237036, CUJ=J<SPLASHSCREEN_EXIT_ANIM>
03-27 15:12:11.201   880   983 W FrameTracker: Missed SF frame:UNKNOWN: 80, 1533773, 31701449, CUJ=J<SPLASHSCREEN_EXIT_ANIM>
03-27 15:12:11.201   880   983 W FrameTracker: Missed SF frame:UNKNOWN: 80, 1533781, 29670842, CUJ=J<SPLASHSCREEN_EXIT_ANIM>
03-27 15:12:11.201   880   983 W FrameTracker: Missed SF frame:UNKNOWN: 80, 1533789, 28791588, CUJ=J<SPLASHSCREEN_EXIT_ANIM>
03-27 15:12:11.201   880   983 W FrameTracker: Missed SF frame:UNKNOWN: 80, 1533797, 28280638, CUJ=J<SPLASHSCREEN_EXIT_ANIM>
03-27 15:12:11.201   880   983 W FrameTracker: Missed SF frame:UNKNOWN: 80, 1533805, 25989809, CUJ=J<SPLASHSCREEN_EXIT_ANIM>
03-27 15:12:11.201   880   983 W FrameTracker: Missed SF frame:UNKNOWN: 80, 1533813, 28022060, CUJ=J<SPLASHSCREEN_EXIT_ANIM>
03-27 15:12:11.201   880   983 W FrameTracker: Missed SF frame:UNKNOWN: 66, 1533821, 0, CUJ=J<SPLASHSCREEN_EXIT_ANIM>
03-27 15:12:11.201   880   983 W FrameTracker: Missing HWUI jank callback for vsyncId: 1533821, CUJ=J<SPLASHSCREEN_EXIT_ANIM>
03-27 15:12:11.201   880   983 W FrameTracker: Missed App frame:UNKNOWN: 74, 1533829, 0, CUJ=J<SPLASHSCREEN_EXIT_ANIM>
03-27 15:12:11.201   880   983 W FrameTracker: Missed SF frame:UNKNOWN: 74, 1533829, 0, CUJ=J<SPLASHSCREEN_EXIT_ANIM>
03-27 15:12:11.204   880   983 W FrameTracker: Missing HWUI jank callback for vsyncId: 1533829, CUJ=J<SPLASHSCREEN_EXIT_ANIM>
03-27 15:12:11.204   880   983 W FrameTracker: Missed App frame:UNKNOWN: 74, 1533837, 62982526, CUJ=J<SPLASHSCREEN_EXIT_ANIM>
03-27 15:12:11.204   880   983 W FrameTracker: Missed SF frame:UNKNOWN: 74, 1533837, 62982526, CUJ=J<SPLASHSCREEN_EXIT_ANIM>
03-27 15:12:11.204   880   951 V PerfettoTrigger: Not triggering com.android.telemetry.interaction-jank-monitor-39 - not enough time since last trigger
03-27 15:12:11.842   560  1806 E TaskPersister: File error accessing recents directory (directory doesn't exist?).
03-27 15:12:14.429 17896 17896 E MYLOG   : HERE
03-27 15:12:14.652 17896 17896 E MYLOG   : HERE
03-27 15:12:14.678 17896 17896 E MYLOG   : HERE
03-27 15:12:14.846 17896 17896 E MYLOG   : HERE
03-27 15:12:15.000 17896 17922 D ProfileInstaller: Installing profile for org.kotfind.android_course.task11
03-27 15:12:15.022 17896 17896 E MYLOG   : HERE
03-27 15:12:15.187 17896 17896 E MYLOG   : HERE
03-27 15:12:15.293   560   654 D ActivityManager: freezing 16351 org.kotfind.android_course.task8
03-27 15:12:15.333   560   801 D InetDiagMessage: Destroyed 0 sockets, proto=IPPROTO_TCP, family=AF_INET, states=14
03-27 15:12:15.335   560   801 D InetDiagMessage: Destroyed 0 sockets, proto=IPPROTO_TCP, family=AF_INET6, states=14
03-27 15:12:15.335   560   801 D InetDiagMessage: Destroyed live tcp sockets for uids={10152} in 4ms
03-27 15:12:15.357 17896 17896 E MYLOG   : HERE
03-27 15:12:15.450 17896 17896 E MYLOG   : HERE
03-27 15:12:15.581 17896 17896 E MYLOG   : HERE
03-27 15:12:15.653 17896 17913 D EGL_emulation: app_time_stats: avg=74.18ms min=2.02ms max=3917.30ms count=58
03-27 15:12:15.765 17896 17896 E MYLOG   : HERE
03-27 15:12:15.889 17896 17896 E MYLOG   : HERE
03-27 15:12:16.039 17896 17896 E MYLOG   : HERE
03-27 15:12:16.204 17896 17896 E MYLOG   : HERE
03-27 15:12:16.392 17896 17896 E MYLOG   : HERE
03-27 15:12:16.540 17896 17896 E MYLOG   : HERE
03-27 15:12:16.653 17896 17913 D EGL_emulation: app_time_stats: avg=6.14ms min=3.01ms max=41.86ms count=55
03-27 15:12:16.673 17896 17896 E MYLOG   : HERE
03-27 15:12:18.030   368   412 I netd    : tetherGetStats() -> {[]} <1.58ms>
03-27 15:12:20.359     0     0 I logd    : logdr: UID=2000 GID=2000 PID=17923 n tail=0 logMask=99 pid=0 start=0ns deadline=0ns
