03-27 15:12:06.758 17868 17868 E IPCThreadState: Binder transaction failure. id: 8554071, BR_*: 29201, error: -1 (Operation not permitted)
03-27 15:12:06.999   560   637 E SystemServiceRegistry: No service published for: persistent_data_block
03-27 15:12:06.999   560   637 E SystemServiceRegistry: android.os.ServiceManager$ServiceNotFoundException: No service published for: persistent_data_block
03-27 15:12:06.999   560   637 E SystemServiceRegistry: 	at android.os.ServiceManager.getServiceOrThrow(ServiceManager.java:203)
03-27 15:12:06.999   560   637 E SystemServiceRegistry: 	at android.app.SystemServiceRegistry$81.createService(SystemServiceRegistry.java:1071)
03-27 15:12:06.999   560   637 E SystemServiceRegistry: 	at android.app.SystemServiceRegistry$81.createService(SystemServiceRegistry.java:1068)
03-27 15:12:06.999   560   637 E SystemServiceRegistry: 	at android.app.SystemServiceRegistry$StaticServiceFetcher.getService(SystemServiceRegistry.java:2293)
03-27 15:12:06.999   560   637 E SystemServiceRegistry: 	at android.app.SystemServiceRegistry.getSystemService(SystemServiceRegistry.java:1812)
03-27 15:12:06.999   560   637 E SystemServiceRegistry: 	at android.app.ContextImpl.getSystemService(ContextImpl.java:2241)
03-27 15:12:06.999   560   637 E SystemServiceRegistry: 	at android.content.Context.getSystemService(Context.java:4503)
03-27 15:12:06.999   560   637 E SystemServiceRegistry: 	at com.android.server.pm.PackageInstallerSession.markAsSealed(PackageInstallerSession.java:2394)
03-27 15:12:06.999   560   637 E SystemServiceRegistry: 	at com.android.server.pm.PackageInstallerSession.commit(PackageInstallerSession.java:2143)
03-27 15:12:06.999   560   637 E SystemServiceRegistry: 	at android.content.pm.PackageInstaller$Session.commit(PackageInstaller.java:1977)
03-27 15:12:06.999   560   637 E SystemServiceRegistry: 	at com.android.server.pm.PackageManagerShellCommand.doCommitSession(PackageManagerShellCommand.java:4298)
03-27 15:12:06.999   560   637 E SystemServiceRegistry: 	at com.android.server.pm.PackageManagerShellCommand.doRunInstall(PackageManagerShellCommand.java:1634)
03-27 15:12:06.999   560   637 E SystemServiceRegistry: 	at com.android.server.pm.PackageManagerShellCommand.runInstall(PackageManagerShellCommand.java:1561)
03-27 15:12:06.999   560   637 E SystemServiceRegistry: 	at com.android.server.pm.PackageManagerShellCommand.onCommand(PackageManagerShellCommand.java:245)
03-27 15:12:06.999   560   637 E SystemServiceRegistry: 	at com.android.modules.utils.BasicShellCommandHandler.exec(BasicShellCommandHandler.java:97)
03-27 15:12:06.999   560   637 E SystemServiceRegistry: 	at android.os.ShellCommand.exec(ShellCommand.java:38)
03-27 15:12:06.999   560   637 E SystemServiceRegistry: 	at com.android.server.pm.PackageManagerService$IPackageManagerImpl.onShellCommand(PackageManagerService.java:6561)
03-27 15:12:06.999   560   637 E SystemServiceRegistry: 	at android.os.Binder.shellCommand(Binder.java:1230)
03-27 15:12:06.999   560   637 E SystemServiceRegistry: 	at android.os.Binder.onTransact(Binder.java:1043)
03-27 15:12:06.999   560   637 E SystemServiceRegistry: 	at android.content.pm.IPackageManager$Stub.onTransact(IPackageManager.java:4620)
03-27 15:12:06.999   560   637 E SystemServiceRegistry: 	at com.android.server.pm.PackageManagerService$IPackageManagerImpl.onTransact(PackageManagerService.java:6545)
03-27 15:12:06.999   560   637 E SystemServiceRegistry: 	at android.os.Binder.execTransactInternal(Binder.java:1505)
03-27 15:12:06.999   560   637 E SystemServiceRegistry: 	at android.os.Binder.execTransact(Binder.java:1444)
03-27 15:12:06.999   560   637 E SystemServiceRegistry: Manager wrapper not available: persistent_data_block
03-27 15:12:07.120   560   633 D FileSystemUtils: Punching holes in file: /data/app/vmdl449279676.tmp/base.apk programHeaderOffset: 64 programHeaderNum: 10
03-27 15:12:07.120   560   633 D FileSystemUtils: Total number of LOAD segments 3
03-27 15:12:07.120   560   633 D FileSystemUtils: Size before punching holes st_blocks: 43744, st_blksize: 4096, st_size: 22391881
03-27 15:12:07.120   560   633 D FileSystemUtils: Size after punching holes st_blocks: 43744, st_blksize: 4096, st_size: 22391881
03-27 15:12:07.120   560   633 D FileSystemUtils: Extra field length: 7031,  Size before punching holes st_blocks: 43744, st_blksize: 4096, st_size: 22391881
03-27 15:12:07.120   560   633 D FileSystemUtils: Extra field length: 7031 content near offset: 00000000000000000000000000000000000000000000000000000000000000000000000000000000000000000000000000000000000000000000000000000000000000000000000000000000000000000000000000000000000000000000000000000000000000000000000000000000000000000000000000000000000000000000000000000000000000000000000000000000000000000000000000000000000000000000000000000000000000000000000000000000000000000000000000000000000000000000000000000000000000000000000000000000000000000000000000000000000000000000000000000000000000000000000000000000000000000000000000000000000000000000000000000000000000000000000000000000000000000000000000000000000000000000000000000000000000000000000000000000000000000000000000000000000000000000000000000000000000000000000000000000000000000000000000000000000000000000000000000000000000000000000000000000000000000000000000000000000000000000000000000000000000000000000000000000000000000000000000000000000000000000000000000000000000000000000000000000000000000000000000000000000000000
03-27 15:12:07.120   560   633 D FileSystemUtils: Punching hole in file - start: 21835776 len:4096
03-27 15:12:07.120   560   633 D FileSystemUtils: punchHolesInApk:: Size after punching holes st_blocks: 43736, st_blksize: 4096, st_size: 22391881
03-27 15:12:07.135   560   672 W RuleEvaluation: Integrity rule files are not available.
03-27 15:12:07.135   560   615 I PackageManager: Integrity check passed for file:///data/app/vmdl449279676.tmp
03-27 15:12:07.143   560   590 I ActivityManager: Force stopping org.kotfind.android_course.task11 appid=10154 user=-1: installPackageLI
03-27 15:12:07.145   560   581 D DisplayManagerService: Drop pending events for gone uid 10154
03-27 15:12:07.147   560   590 I ActivityManager: Killing 17799:org.kotfind.android_course.task11/u0a154 (adj 0): stop org.kotfind.android_course.task11 due to installPackageLI
03-27 15:12:07.148   560   615 I PackageManager: Update package org.kotfind.android_course.task11 code path from /data/app/~~LEmUGfzgCOGRAZdatEoHtw==/org.kotfind.android_course.task11-f0ZQqsQuw4kgfGu4fl6KGQ== to /data/app/~~LzTrUt6dEnYA7mnT0N_MWA==/org.kotfind.android_course.task11-YqfbpAErz3scpFrKeSSsTQ==; Retain data and using new
03-27 15:12:07.149   560   615 I AppsFilter: interaction: PackageSetting{511be8 org.kotfind.android_course.task8/10152} -> PackageSetting{623079b org.kotfind.android_course.task11/10154} BLOCKED
03-27 15:12:07.149   560   615 I AppsFilter: interaction: PackageSetting{a1c57ff com.kotfind.android_course/10153} -> PackageSetting{623079b org.kotfind.android_course.task11/10154} BLOCKED
03-27 15:12:07.149   560   615 I AppsFilter: interaction: PackageSetting{b63ebdc org.kotfind.android_course.task14/10148} -> PackageSetting{623079b org.kotfind.android_course.task11/10154} BLOCKED
03-27 15:12:07.149   560   615 I AppsFilter: interaction: PackageSetting{511be8 org.kotfind.android_course.task8/10152} -> PackageSetting{8bf2f88 org.kotfind.android_course.task11/10154} BLOCKED
03-27 15:12:07.149   560   615 I AppsFilter: interaction: PackageSetting{a1c57ff com.kotfind.android_course/10153} -> PackageSetting{8bf2f88 org.kotfind.android_course.task11/10154} BLOCKED
03-27 15:12:07.149   560   615 I AppsFilter: interaction: PackageSetting{b63ebdc org.kotfind.android_course.task14/10148} -> PackageSetting{8bf2f88 org.kotfind.android_course.task11/10154} BLOCKED
03-27 15:12:07.150   560   590 W ActivityTaskManager: Force removing ActivityRecord{8d77bf0 u0 org.kotfind.android_course.task11/org.kotfind.android_course.MainActivity t151 f}}: app died, no saved state
03-27 15:12:07.151   880   929 V WindowManagerShell: Transition requested (#464): android.os.BinderProxy@1254296 TransitionRequestInfo { type = CLOSE, triggerTask = TaskInfo{userId=0 taskId=151 displayId=0 isRunning=false baseIntent=Intent { act=android.intent.action.MAIN cat=[android.intent.category.LAUNCHER] flg=0x10200000 cmp=org.kotfind.android_course.task11/org.kotfind.android_course.MainActivity } baseActivity=null topActivity=null origActivity=null realActivity=ComponentInfo{org.kotfind.android_course.task11/org.kotfind.android_course.MainActivity} numActivities=0 lastActiveTime=164968412 supportsMultiWindow=true resizeMode=1 isResizeable=true minWidth=-1 minHeight=-1 defaultMinSize=220 token=WCT{android.window.IWindowContainerToken$Stub$Proxy@d2b3e17} topActivityType=1 pictureInPictureParams=null shouldDockBigOverlays=false launchIntoPipHostTaskId=-1 lastParentTaskIdBeforePip=-1 displayCutoutSafeInsets=null topActivityInfo=null launchCookies=[] positionInParent=Point(0, 0) parentTaskId=-1 isFocused=true isVisible=true isVisibleRequested=true isSleeping=false locusId=null displayAreaFeatureId=1 isTopActivityTransparent=false appCompatTaskInfo=AppCompatTaskInfo { topActivityInSizeCompat=false topActivityEligibleForLetterboxEducation= falseisLetterboxEducationEnabled= false isLetterboxDoubleTapEnabled= false topActivityEligibleForUserAspectRatioButton= false topActivityBoundsLetterboxed= false isFromLetterboxDoubleTap= false topActivityLetterboxVerticalPosition= -1 topActivityLetterboxHorizontalPosition= -1 topActivityLetterboxWidth=-1 topActivityLetterboxHeight=-1 isUserFullscreenOverrideEnabled=false isSystemFullscreenOverrideEnabled=false cameraCompatTaskInfo=CameraCompatTaskInfo { cameraCompatControlState=hidden freeformCameraCompatMode=inactive}}}, pipTask = null, remoteTransition = null, displayChange = null, flags = 0, debugId = 464 }
03-27 15:12:07.160   368   412 I netd    : tetherGetStats() -> {[]} <0.48ms>
03-27 15:12:07.162   442   442 I adbd    : Remote process closed the socket (on MSG_PEEK)
03-27 15:12:07.162   560  2227 I ImeTracker: org.kotfind.android_course.task11:76f20dbd: onRequestHide at ORIGIN_SERVER reason HIDE_REMOVE_CLIENT fromUser false
03-27 15:12:07.162   560  2227 I ImeTracker: org.kotfind.android_course.task11:76f20dbd: onCancelled at PHASE_SERVER_SHOULD_HIDE
03-27 15:12:07.163   369   369 I Zygote  : Process 17799 exited due to signal 9 (Killed)
03-27 15:12:07.179   560   592 I libprocessgroup: Removed cgroup /sys/fs/cgroup/uid_10154/pid_17799
03-27 15:12:07.226   560   615 D PackageManager: Instant App installer not found with android.intent.action.INSTALL_INSTANT_APP_PACKAGE
03-27 15:12:07.226   560   615 D PackageManager: Clear ephemeral installer activity
03-27 15:12:07.233   560  1905 I AppWidgetServiceImpl: startListening() 0
03-27 15:12:07.238   560  1487 I WindowManager: WIN DEATH: Window{44cdc8 u0 org.kotfind.android_course.task11/org.kotfind.android_course.MainActivity}
03-27 15:12:07.238   560  1487 W InputManager-JNI: Input channel object '44cdc8 org.kotfind.android_course.task11/org.kotfind.android_course.MainActivity (client)' was disposed without first being removed with the input manager!
03-27 15:12:07.239  1308  1308 D StatsLog: LAUNCHER_ONRESUME
03-27 15:12:07.240   880   929 W Looper  : Slow dispatch took 88ms wmshell.main h=android.os.Handler c=com.android.wm.shell.transition.Transitions$TransitionPlayerImpl$$ExternalSyntheticLambda1@51ea204 m=0
03-27 15:12:07.240   880   929 W Looper  : Slow delivery took 87ms wmshell.main h=android.os.Handler c=com.android.wm.shell.pip.PinnedStackListenerForwarder$PinnedTaskListenerImpl$$ExternalSyntheticLambda1@68063ed m=0
03-27 15:12:07.240   880   929 W Looper  : Drained
03-27 15:12:07.241   880   929 D WindowManagerShell: setLauncherKeepClearAreaHeight: visible=true, height=110
03-27 15:12:07.243   560  2227 V ActivityManager: Got obituary of 17799:org.kotfind.android_course.task11
03-27 15:12:07.244   435   435 I BpBinder: onLastStrongRef automatically unlinking death recipients: 
03-27 15:12:07.267   560   583 W ActivityManager: setHasOverlayUi called on unknown pid: 17799
03-27 15:12:07.268   560   583 V WindowManager: Unknown focus tokens, dropping reportFocusChanged
03-27 15:12:07.271  1308  1308 D BaseDepthController: setSurface:
03-27 15:12:07.271  1308  1308 D BaseDepthController: 	mWaitingOnSurfaceValidity: false
03-27 15:12:07.271  1308  1308 D BaseDepthController: 	mSurface: Surface(name=com.android.launcher3/com.android.launcher3.uioverrides.QuickstepLauncher)/@0x55f9a85
03-27 15:12:07.272   560   584 W ActivityTaskManager: Unable to send transaction to client proc org.kotfind.android_course.task11: no app thread
03-27 15:12:07.275   560   615 I AppsFilter: interaction: PackageSetting{7a455df org.kotfind.android_course.task8/10152} -> PackageSetting{a27c0b9 org.kotfind.android_course.task11/10154} BLOCKED
03-27 15:12:07.276   560   615 I AppsFilter: interaction: PackageSetting{70974f5 com.kotfind.android_course/10153} -> PackageSetting{a27c0b9 org.kotfind.android_course.task11/10154} BLOCKED
03-27 15:12:07.276   560   615 I AppsFilter: interaction: PackageSetting{b27a28a org.kotfind.android_course.task14/10148} -> PackageSetting{a27c0b9 org.kotfind.android_course.task11/10154} BLOCKED
03-27 15:12:07.285  1308  1308 I TopTaskTracker: onTaskMovedToFront: (moved taskInfo to front) taskId=7, baseIntent=Intent { act=android.intent.action.MAIN cat=[android.intent.category.HOME] flg=0x10000100 cmp=com.android.launcher3/.uioverrides.QuickstepLauncher }
03-27 15:12:07.288   560   615 I ActivityManager: Force stopping org.kotfind.android_course.task11 appid=10154 user=0: pkg removed
03-27 15:12:07.292   880  1298 V WindowManagerShell: onTransitionReady(transaction=2405181708320)
03-27 15:12:07.293   880   929 V WindowManagerShell: onTransitionReady (#464) android.os.BinderProxy@1254296: {id=464 t=CLOSE f=0x0 trk=0 r=[0@Point(0, 0)] c=[{WCT{android.window.IWindowContainerToken$Stub$Proxy@d6a0e6e} m=TO_FRONT f=SHOW_WALLPAPER|MOVE_TO_TOP leash=Surface(name=Task=1)/@0x96af222 sb=Rect(0, 0 - 320, 640) eb=Rect(0, 0 - 320, 640) d=0 taskParent=-1},{WCT{android.window.IWindowContainerToken$Stub$Proxy@da1d90f} m=CLOSE f=NONE leash=Surface(name=Task=151)/@0x9ba4b3 sb=Rect(0, 0 - 320, 640) eb=Rect(0, 0 - 320, 640) d=0 taskParent=-1},{null m=TO_FRONT f=IS_WALLPAPER leash=Surface(name=WallpaperWindowToken{95a516b token=android.os.Binder@629feba})/@0x3e5da70 sb=Rect(0, 0 - 320, 640) eb=Rect(0, 0 - 320, 640) d=0}]}
03-27 15:12:07.293   880   929 V WindowManagerShell: Playing animation for (#464) android.os.BinderProxy@1254296@0
03-27 15:12:07.293   880   929 V WindowManagerShell:  try handler com.android.wm.shell.transition.DefaultMixedHandler@78727ab
03-27 15:12:07.293   880   929 V WindowManagerShell:  try handler com.android.wm.shell.keyguard.KeyguardTransitionHandler@be42e08
03-27 15:12:07.293   880   929 V WindowManagerShell:  try handler com.android.wm.shell.pip.PipTransition@85e39a1
03-27 15:12:07.293   880   929 V WindowManagerShell:  try handler com.android.wm.shell.activityembedding.ActivityEmbeddingController@933c7c6
03-27 15:12:07.293   880   929 V WindowManagerShell:  try handler com.android.wm.shell.recents.RecentsTransitionHandler@b0e9387
03-27 15:12:07.293   880   929 V ShellRecents: RecentsTransitionHandler.startAnimation: no controller found
03-27 15:12:07.293   880   929 V WindowManagerShell:  try handler com.android.wm.shell.splitscreen.StageCoordinator@79222b4
03-27 15:12:07.293   560   580 V WindowManager: Sent Transition (#464) createdAt=03-27 15:12:07.150 via request=TransitionRequestInfo { type = CLOSE, triggerTask = TaskInfo{userId=0 taskId=151 displayId=0 isRunning=false baseIntent=Intent { act=android.intent.action.MAIN cat=[android.intent.category.LAUNCHER] flg=0x10200000 cmp=org.kotfind.android_course.task11/org.kotfind.android_course.MainActivity } baseActivity=null topActivity=null origActivity=null realActivity=ComponentInfo{org.kotfind.android_course.task11/org.kotfind.android_course.MainActivity} numActivities=0 lastActiveTime=164968412 supportsMultiWindow=true resizeMode=1 isResizeable=true minWidth=-1 minHeight=-1 defaultMinSize=220 token=WCT{RemoteToken{b3cbc5a Task{7231569 #151 type=standard A=10154:org.kotfind.android_course.task11}}} topActivityType=1 pictureInPictureParams=null shouldDockBigOverlays=false launchIntoPipHostTaskId=-1 lastParentTaskIdBeforePip=-1 displayCutoutSafeInsets=null topActivityInfo=null launchCookies=[] positionInParent=Point(0, 0) parentTaskId=-1 isFocused=true isVisible=true isVisibleRequested=true isSleeping=false locusId=null displayAreaFeatureId=1 isTopActivityTransparent=false appCompatTaskInfo=AppCompatTaskInfo { topActivityInSizeCompat=false topActivityEligibleForLetterboxEducation= falseisLetterboxEducationEnabled= false isLetterboxDoubleTapEnabled= false topActivityEligibleForUserAspectRatioButton= false topActivityBoundsLetterboxed= false isFromLetterboxDoubleTap= false topActivityLetterboxVerticalPosition= -1 topActivityLetterboxHorizontalPosition= -1 topActivityLetterboxWidth=-1 topActivityLetterboxHeight=-1 isUserFullscreenOverrideEnabled=false isSystemFullscreenOverrideEnabled=false cameraCompatTaskInfo=CameraCompatTaskInfo { cameraCompatControlState=hidden freeformCameraCompatMode=inactive}}}, pipTask = null, remoteTransition = null, displayChange = null, flags = 0, debugId = 464 }
03-27 15:12:07.293   880   929 V WindowManagerShell:  try handler com.android.wm.shell.transition.RemoteTransitionHandler@b03cedd
03-27 15:12:07.293   560   580 V WindowManager:     startWCT=WindowContainerTransaction { changes = {} hops = [] errorCallbackToken=null taskFragmentOrganizer=null }
03-27 15:12:07.293   880   929 V WindowManagerShell: Transition doesn't have explicit remote, search filters for match for {id=464 t=CLOSE f=0x0 trk=0 r=[0@Point(0, 0)] c=[{WCT{android.window.IWindowContainerToken$Stub$Proxy@d6a0e6e} m=TO_FRONT f=SHOW_WALLPAPER|MOVE_TO_TOP leash=Surface(name=Task=1)/@0x96af222 sb=Rect(0, 0 - 320, 640) eb=Rect(0, 0 - 320, 640) d=0 taskParent=-1},{WCT{android.window.IWindowContainerToken$Stub$Proxy@da1d90f} m=CLOSE f=NONE leash=Surface(name=Task=151)/@0x9ba4b3 sb=Rect(0, 0 - 320, 640) eb=Rect(0, 0 - 320, 640) d=0 taskParent=-1},{null m=TO_FRONT f=IS_WALLPAPER leash=Surface(name=WallpaperWindowToken{95a516b token=android.os.Binder@629feba})/@0x3e5da70 sb=Rect(0, 0 - 320, 640) eb=Rect(0, 0 - 320, 640) d=0}]}
03-27 15:12:07.293   560   580 V WindowManager:     info={id=464 t=CLOSE f=0x0 trk=0 r=[0@Point(0, 0)] c=[
03-27 15:12:07.293   560   580 V WindowManager:         {WCT{RemoteToken{84da454 Task{48557e1 #1 type=home}}} m=TO_FRONT f=SHOW_WALLPAPER|MOVE_TO_TOP leash=Surface(name=Task=1)/@0xfe13d5a sb=Rect(0, 0 - 320, 640) eb=Rect(0, 0 - 320, 640) d=0 taskParent=-1},
03-27 15:12:07.293   560   580 V WindowManager:         {WCT{RemoteToken{b3cbc5a Task{7231569 #151 type=standard A=10154:org.kotfind.android_course.task11}}} m=CLOSE f=NONE leash=Surface(name=Task=151)/@0xa45a37c sb=Rect(0, 0 - 320, 640) eb=Rect(0, 0 - 320, 640) d=0 taskParent=-1},
03-27 15:12:07.293   560   580 V WindowManager:         {null m=TO_FRONT f=IS_WALLPAPER leash=Surface(name=WallpaperWindowToken{95a516b token=android.os.Binder@629feba})/@0x4f97744 sb=Rect(0, 0 - 320, 640) eb=Rect(0, 0 - 320, 640) d=0}
03-27 15:12:07.293   560   580 V WindowManager:     ]}
03-27 15:12:07.293   880   929 V WindowManagerShell:  Checking filter Pair{{types=[] flags=0x0] notFlags=0x100 checks=[{atype=home independent=true modes=[OPEN,TO_FRONT] flags=NONE mustBeTask=false order=TOP topActivity=ComponentInfo{com.android.launcher3/com.android.launcher3.uioverrides.QuickstepLauncher} launchCookie=null},{atype=standard independent=true modes=[CLOSE,TO_BACK] flags=NONE mustBeTask=false order=ANY topActivity=null launchCookie=null}]} RemoteTransition { remoteTransition = android.window.IRemoteTransition$Stub$Proxy@9bba685, appThread = android.app.IApplicationThread$Stub$Proxy@1809cda, debugName = QuickstepLaunchHome }}
03-27 15:12:07.293   880   929 D RemoteTransitionHandler: Found filterPair{{types=[] flags=0x0] notFlags=0x100 checks=[{atype=home independent=true modes=[OPEN,TO_FRONT] flags=NONE mustBeTask=false order=TOP topActivity=ComponentInfo{com.android.launcher3/com.android.launcher3.uioverrides.QuickstepLauncher} launchCookie=null},{atype=standard independent=true modes=[CLOSE,TO_BACK] flags=NONE mustBeTask=false order=ANY topActivity=null launchCookie=null}]} RemoteTransition { remoteTransition = android.window.IRemoteTransition$Stub$Proxy@9bba685, appThread = android.app.IApplicationThread$Stub$Proxy@1809cda, debugName = QuickstepLaunchHome }}
03-27 15:12:07.293   880   929 V WindowManagerShell:  Delegate animation for (#464) to RemoteTransition { remoteTransition = android.window.IRemoteTransition$Stub$Proxy@9bba685, appThread = android.app.IApplicationThread$Stub$Proxy@1809cda, debugName = QuickstepLaunchHome }
03-27 15:12:07.301   560   615 I WindowManager:   Force removing ActivityRecord{8d77bf0 u0 org.kotfind.android_course.task11/org.kotfind.android_course.MainActivity t151 f} isExiting}
03-27 15:12:07.301   560   615 W WindowManager: removeAppToken: Attempted to remove non-existing token: Token{2ac4bee ActivityRecord{8d77bf0 u0 org.kotfind.android_course.task11/org.kotfind.android_course.MainActivity t151 f} isExiting}}
03-27 15:12:07.301  1308  1308 D StateManager: createAtomicAnimation - fromState: Background, toState: Normal, partial trace:
03-27 15:12:07.301  1308  1308 D StateManager: 	at com.android.quickstep.util.WorkspaceRevealAnim.prepareToAnimate(WorkspaceRevealAnim.java:130)
03-27 15:12:07.301  1308  1308 D StateManager: 	at com.android.quickstep.util.WorkspaceRevealAnim.<init>(WorkspaceRevealAnim.java:66)
03-27 15:12:07.301  1308  1308 D StateManager: 	at com.android.launcher3.QuickstepTransitionManager.createWallpaperOpenAnimations(QuickstepTransitionManager.java:1716)
03-27 15:12:07.303   560   615 W IPCThreadState: Sending oneway calls to frozen process.
03-27 15:12:07.303   560   615 W IPCThreadState: Sending oneway calls to frozen process.
03-27 15:12:07.303   560   615 W IPCThreadState: Sending oneway calls to frozen process.
03-27 15:12:07.303   560   615 W IPCThreadState: Sending oneway calls to frozen process.
03-27 15:12:07.303   560   615 W IPCThreadState: Sending oneway calls to frozen process.
03-27 15:12:07.303   560   615 W IPCThreadState: Sending oneway calls to frozen process.
03-27 15:12:07.304   560   615 W IPCThreadState: Sending oneway calls to frozen process.
03-27 15:12:07.304   560   615 W IPCThreadState: Sending oneway calls to frozen process.
03-27 15:12:07.305   560   615 W IPCThreadState: Sending oneway calls to frozen process.
03-27 15:12:07.305   560   615 W IPCThreadState: Sending oneway calls to frozen process.
03-27 15:12:07.305   560   615 W IPCThreadState: Sending oneway calls to frozen process.
03-27 15:12:07.305   560   615 W IPCThreadState: Sending oneway calls to frozen process.
03-27 15:12:07.305   560   615 W IPCThreadState: Sending oneway calls to frozen process.
03-27 15:12:07.305   560   615 W IPCThreadState: Sending oneway calls to frozen process.
03-27 15:12:07.305   560   615 W IPCThreadState: Sending oneway calls to frozen process.
03-27 15:12:07.306   880   929 V WindowManagerShell:  animated by com.android.wm.shell.transition.RemoteTransitionHandler@b03cedd
03-27 15:12:07.348   560  2230 W UserManagerService: Requested status bar icon for non-badged user 0
03-27 15:12:07.353   560   615 W IPCThreadState: Sending oneway calls to frozen process.
03-27 15:12:07.354   560   615 W IPCThreadState: Sending oneway calls to frozen process.
03-27 15:12:07.354 16351 16351 D ActivityThread: Package [org.kotfind.android_course.task11] reported as REPLACED, but missing application info. Assuming REMOVED.
03-27 15:12:07.354   560   615 W IPCThreadState: Sending oneway calls to frozen process.
03-27 15:12:07.354   560   615 W IPCThreadState: Sending oneway calls to frozen process.
03-27 15:12:07.354   560   615 W IPCThreadState: Sending oneway calls to frozen process.
03-27 15:12:07.354   560   615 W IPCThreadState: Sending oneway calls to frozen process.
03-27 15:12:07.354   560   615 W IPCThreadState: Sending oneway calls to frozen process.
03-27 15:12:07.354   560   615 W IPCThreadState: Sending oneway calls to frozen process.
03-27 15:12:07.354   560   615 W IPCThreadState: Sending oneway calls to frozen process.
03-27 15:12:07.354   560   615 W IPCThreadState: Sending oneway calls to frozen process.
03-27 15:12:07.354   560   615 W IPCThreadState: Sending oneway calls to frozen process.
03-27 15:12:07.354   560   615 W IPCThreadState: Sending oneway calls to frozen process.
03-27 15:12:07.354   560   615 W IPCThreadState: Sending oneway calls to frozen process.
03-27 15:12:07.354   560   615 W IPCThreadState: Sending oneway calls to frozen process.
03-27 15:12:07.354   560   615 W IPCThreadState: Sending oneway calls to frozen process.
03-27 15:12:07.355  1321  1321 D ActivityThread: Package [org.kotfind.android_course.task11] reported as REPLACED, but missing application info. Assuming REMOVED.
03-27 15:12:07.357  1398  1398 D ActivityThread: Package [org.kotfind.android_course.task11] reported as REPLACED, but missing application info. Assuming REMOVED.
03-27 15:12:07.358   560   560 D ActivityThread: Package [org.kotfind.android_course.task11] reported as REPLACED, but missing application info. Assuming REMOVED.
03-27 15:12:07.360   880  1021 D EGL_emulation: app_time_stats: avg=7333.57ms min=7333.57ms max=7333.57ms count=1
03-27 15:12:07.362  1950  1950 D ActivityThread: Package [org.kotfind.android_course.task11] reported as REPLACED, but missing application info. Assuming REMOVED.
03-27 15:12:07.363  1047  1047 D ActivityThread: Package [org.kotfind.android_course.task11] reported as REPLACED, but missing application info. Assuming REMOVED.
03-27 15:12:07.367  1379  1379 D ActivityThread: Package [org.kotfind.android_course.task11] reported as REPLACED, but missing application info. Assuming REMOVED.
03-27 15:12:07.369   560   590 D ActivityManager: sync unfroze 883 com.android.permissioncontroller for 3
03-27 15:12:07.372   560   615 D PackageInstallerSession: Marking session 449279676 as applied
03-27 15:12:07.375  1058  1058 E SmsApplication: com.android.messaging lost android:receive_wap_push:  (fixing)
03-27 15:12:07.375   560  1159 W AppOpService: Ignored setUidMode call for runtime permission app op: uid = 10114, code = RECEIVE_WAP_PUSH, mode = allow, callingUid = 1001, oldMode = allow
03-27 15:12:07.375  1058  1058 E SmsApplication: com.android.messaging lost android:read_cell_broadcasts:  (fixing)
03-27 15:12:07.376   560  1159 W AppOpService: Ignored setUidMode call for runtime permission app op: uid = 10114, code = READ_CELL_BROADCASTS, mode = allow, callingUid = 1001, oldMode = allow
03-27 15:12:07.386   883   883 D ActivityThread: Package [org.kotfind.android_course.task11] reported as REPLACED, but missing application info. Assuming REMOVED.
03-27 15:12:07.389  1058  1058 E CellBroadcastUtils: getDefaultCellBroadcastReceiverPackageName: no package found
03-27 15:12:07.389   560  2230 W AppOpService: Ignored setUidMode call for runtime permission app op: uid = 1001, code = READ_SMS, mode = allow, callingUid = 1001, oldMode = allow
03-27 15:12:07.389   883   883 I SafetyLabelChangedBroadcastReceiver: received broadcast packageName: org.kotfind.android_course.task11, current user: UserHandle{0}, packageChangeEvent: UPDATE, intent user: UserHandle{0}
03-27 15:12:07.391   560  2724 W AppOpService: Ignored setUidMode call for runtime permission app op: uid = 1001, code = RECEIVE_SMS, mode = allow, callingUid = 1001, oldMode = allow
03-27 15:12:07.393   560  2230 W AppOpService: Ignored setUidMode call for runtime permission app op: uid = 1001, code = RECEIVE_WAP_PUSH, mode = allow, callingUid = 1001, oldMode = allow
03-27 15:12:07.393   560  1159 W AppOpService: Ignored setUidMode call for runtime permission app op: uid = 1001, code = SEND_SMS, mode = allow, callingUid = 1001, oldMode = allow
03-27 15:12:07.393   560  2230 W AppOpService: Ignored setUidMode call for runtime permission app op: uid = 1001, code = READ_CELL_BROADCASTS, mode = allow, callingUid = 1001, oldMode = allow
03-27 15:12:07.400   560   807 E AppOps  : attributionTag VCN not declared in manifest of android
03-27 15:12:07.403  1308  1578 D EGL_emulation: app_time_stats: avg=7494.17ms min=1.03ms max=134763.02ms count=18
03-27 15:12:07.410   560   560 D ActivityManager: sync unfroze 1719 com.android.localtransport for 10
03-27 15:12:07.410  1719  1719 D ActivityThread: Package [org.kotfind.android_course.task11] reported as REPLACED, but missing application info. Assuming REMOVED.
03-27 15:12:07.412   560   829 I AppWidgetServiceImpl: Received broadcast: android.intent.action.PACKAGE_REMOVED on user 0
03-27 15:12:07.414   560   560 D ActivityManager: sync unfroze 10664 com.android.settings for 10
03-27 15:12:07.415   560   845 D ShortcutService: received package broadcast intent: Intent { act=android.intent.action.PACKAGE_REMOVED dat=package: flg=0x4000010 (has extras) }
03-27 15:12:07.419 10664 10664 D ActivityThread: Package [org.kotfind.android_course.task11] reported as REPLACED, but missing application info. Assuming REMOVED.
03-27 15:12:07.419   560   829 I AppWidgetServiceImpl: Received broadcast: android.intent.action.PACKAGE_ADDED on user 0
03-27 15:12:07.421   560   855 I SdkSandboxManager: No SDKs used. Skipping SDK data reconcilation for CallingInfo{mUid=10154, mPackageName='org.kotfind.android_course.task11, mAppProcessToken='null'}
03-27 15:12:07.421   560   855 I SdkSandboxManager: No SDKs used. Skipping SDK data reconcilation for CallingInfo{mUid=10154, mPackageName='org.kotfind.android_course.task11, mAppProcessToken='null'}
03-27 15:12:07.422  2298  2298 D ActivityThread: Package [org.kotfind.android_course.task11] reported as REPLACED, but missing application info. Assuming REMOVED.
03-27 15:12:07.423   987   987 D ActivityThread: Package [org.kotfind.android_course.task11] reported as REPLACED, but missing application info. Assuming REMOVED.
03-27 15:12:07.424   560   845 D ShortcutService: received package broadcast intent: Intent { act=android.intent.action.PACKAGE_ADDED dat=package: flg=0x4000010 (has extras) }
03-27 15:12:07.425   560   845 D ShortcutService: replacing package: org.kotfind.android_course.task11 userId0
03-27 15:12:07.425   560   845 D ShortcutService: handlePackageUpdateFinished: org.kotfind.android_course.task11 user=0
03-27 15:12:07.425   560   845 D ShortcutService: rescanPackageIfNeeded 0@org.kotfind.android_course.task11, forceRescan=true , isNewApp=true
03-27 15:12:07.425  1058  1058 D CarrierSvcBindHelper: onPackageUpdateFinished: org.kotfind.android_course.task11
03-27 15:12:07.426   560   807 E AppOps  : attributionTag VCN not declared in manifest of android
03-27 15:12:07.426   560   560 D ActivityManager: sync unfroze 2298 com.android.keychain for 10
03-27 15:12:07.428  6218  6218 D ActivityThread: Package [org.kotfind.android_course.task11] reported as REPLACED, but missing application info. Assuming REMOVED.
03-27 15:12:07.431  1058  1058 D CarrierSvcBindHelper: No carrier app for: 0
03-27 15:12:07.431  1058  1058 D CarrierSvcBindHelper: onPackageModified: org.kotfind.android_course.task11
03-27 15:12:07.431  1058  1058 D CarrierSvcBindHelper: No carrier app for: 0
03-27 15:12:07.435   560   560 D ActivityManager: sync unfroze 6218 system:ui for 10
03-27 15:12:07.441   560   807 E AppOps  : attributionTag VCN not declared in manifest of android
03-27 15:12:07.445   560   560 I Telecom : CarModeTracker: Package org.kotfind.android_course.task11 is not tracked.: SSH.oR@AyY
03-27 15:12:07.445   560   560 I Telecom : InCallController: updateCarModeForConnections: car mode apps: : SSH.oR@AyY
03-27 15:12:07.445   560   560 I Telecom : InCallController: update carmode current:UserHandle{0} parent:null: SSH.oR@AyY
03-27 15:12:07.448  1308  1308 D ActivityThread: Package [org.kotfind.android_course.task11] reported as REPLACED, but missing application info. Assuming REMOVED.
03-27 15:12:07.451  1308  1483 D PackageUpdatedTask: Package updated: mOp=UPDATE packages=[org.kotfind.android_course.task11]
03-27 15:12:07.513   880   880 D ActivityThread: Package [org.kotfind.android_course.task11] reported as REPLACED, but missing application info. Assuming REMOVED.
03-27 15:12:07.570   560   560 V BackupManagerConstants: getFullBackupIntervalMilliseconds(...) returns 86400000
03-27 15:12:07.570   560   560 V BackupManagerConstants: getFullBackupRequiredNetworkType(...) returns 2
03-27 15:12:07.570   560   560 V BackupManagerConstants: getFullBackupRequireCharging(...) returns true
03-27 15:12:07.575   560   683 W PackageConfigPersister: App-specific configuration not found for packageName: org.kotfind.android_course.task11 and userId: 0
03-27 15:12:07.576   560   845 D ShortcutService: Package org.kotfind.android_course.task11 has 0 manifest shortcut(s), and 0 share target(s)
03-27 15:12:07.583   560   560 W AlarmManager: Package org.kotfind.android_course.task11, uid 10154 lost permission to set exact alarms!
03-27 15:12:07.587   560   589 W MagnificationConnectionManager: requestConnection duplicated request: connect=false, mConnectionState=DISCONNECTED
03-27 15:12:07.593   560   560 W IPCThreadState: Sending oneway calls to frozen process.
03-27 15:12:07.594   560   560 W IPCThreadState: Sending oneway calls to frozen process.
03-27 15:12:07.594   560   560 W IPCThreadState: Sending oneway calls to frozen process.
03-27 15:12:07.594   560   673 I ImeTracker: com.android.launcher3:29d222a5: onRequestHide at ORIGIN_SERVER reason HIDE_UNSPECIFIED_WINDOW fromUser false
03-27 15:12:07.594   560   673 I ImeTracker: com.android.launcher3:29d222a5: onCancelled at PHASE_SERVER_SHOULD_HIDE
03-27 15:12:07.666   560   584 W ActivityTaskManager: Unable to send transaction to client proc org.kotfind.android_course.task11: no app thread
03-27 15:12:07.669   880   929 V WindowManagerShell: Transition animation finished (aborted=false), notifying core (#464) android.os.BinderProxy@1254296@0
03-27 15:12:07.694   560  1905 E IPCThreadState: Binder transaction failure. id: 8555099, BR_*: 29189, error: -22 (Invalid argument)
03-27 15:12:07.695  1058  1058 E SmsApplication: com.android.messaging lost android:receive_wap_push:  (fixing)
03-27 15:12:07.695   560  2724 W AppOpService: Ignored setUidMode call for runtime permission app op: uid = 10114, code = RECEIVE_WAP_PUSH, mode = allow, callingUid = 1001, oldMode = allow
03-27 15:12:07.698   560   580 V WindowManager: Finish Transition (#464): created at 03-27 15:12:07.150 collect-started=0.042ms request-sent=0.446ms started=89.206ms ready=89.185ms sent=138.846ms finished=525.471ms
03-27 15:12:07.705  1058  1058 E SmsApplication: com.android.messaging lost android:read_cell_broadcasts:  (fixing)
03-27 15:12:07.706   560   866 W Looper  : Slow dispatch took 231ms android.perm h=android.os.Handler c=com.android.internal.infra.ServiceConnector$Impl$$ExternalSyntheticLambda2@8d3b77d m=0
03-27 15:12:07.707   560  1490 W AppOpService: Ignored setUidMode call for runtime permission app op: uid = 10114, code = READ_CELL_BROADCASTS, mode = allow, callingUid = 1001, oldMode = allow
03-27 15:12:07.771   560   583 W system_server: Long monitor contention with owner android.perm (866) at int com.android.server.am.ActivityManagerService.bindServiceInstance(android.app.IApplicationThread, android.os.IBinder, android.content.Intent, java.lang.String, android.app.IServiceConnection, long, java.lang.String, boolean, int, java.lang.String, android.app.IApplicationThread, java.lang.String, int)(ActivityManagerService.java:14231) waiters=4 in void com.android.server.am.ActivityManagerService.trimApplications(boolean, int) for 103ms
03-27 15:12:07.781  1058  1058 E CellBroadcastUtils: getDefaultCellBroadcastReceiverPackageName: no package found
03-27 15:12:07.781   560  2227 W AppOpService: Ignored setUidMode call for runtime permission app op: uid = 1001, code = READ_SMS, mode = allow, callingUid = 1001, oldMode = allow
03-27 15:12:07.788   560   637 W AppOpService: Ignored setUidMode call for runtime permission app op: uid = 1001, code = RECEIVE_SMS, mode = allow, callingUid = 1001, oldMode = allow
03-27 15:12:07.789   560  2227 W AppOpService: Ignored setUidMode call for runtime permission app op: uid = 1001, code = RECEIVE_WAP_PUSH, mode = allow, callingUid = 1001, oldMode = allow
03-27 15:12:07.789   560  2227 W AppOpService: Ignored setUidMode call for runtime permission app op: uid = 1001, code = SEND_SMS, mode = allow, callingUid = 1001, oldMode = allow
03-27 15:12:07.789   560   637 W AppOpService: Ignored setUidMode call for runtime permission app op: uid = 1001, code = READ_CELL_BROADCASTS, mode = allow, callingUid = 1001, oldMode = allow
03-27 15:12:07.795  1058  1058 E SmsApplication: com.android.messaging lost android:receive_wap_push:  (fixing)
03-27 15:12:07.795   560   637 W AppOpService: Ignored setUidMode call for runtime permission app op: uid = 10114, code = RECEIVE_WAP_PUSH, mode = allow, callingUid = 1001, oldMode = allow
03-27 15:12:07.796  1058  1058 E SmsApplication: com.android.messaging lost android:read_cell_broadcasts:  (fixing)
03-27 15:12:07.796   560   637 W AppOpService: Ignored setUidMode call for runtime permission app op: uid = 10114, code = READ_CELL_BROADCASTS, mode = allow, callingUid = 1001, oldMode = allow
03-27 15:12:07.798  1058  1058 E CellBroadcastUtils: getDefaultCellBroadcastReceiverPackageName: no package found
03-27 15:12:07.798   560  2227 W AppOpService: Ignored setUidMode call for runtime permission app op: uid = 1001, code = READ_SMS, mode = allow, callingUid = 1001, oldMode = allow
03-27 15:12:07.798   560  2227 W AppOpService: Ignored setUidMode call for runtime permission app op: uid = 1001, code = RECEIVE_SMS, mode = allow, callingUid = 1001, oldMode = allow
03-27 15:12:07.798   560   637 W AppOpService: Ignored setUidMode call for runtime permission app op: uid = 1001, code = RECEIVE_WAP_PUSH, mode = allow, callingUid = 1001, oldMode = allow
03-27 15:12:07.799   560  2227 W AppOpService: Ignored setUidMode call for runtime permission app op: uid = 1001, code = SEND_SMS, mode = allow, callingUid = 1001, oldMode = allow
03-27 15:12:07.799   560  2227 W AppOpService: Ignored setUidMode call for runtime permission app op: uid = 1001, code = READ_CELL_BROADCASTS, mode = allow, callingUid = 1001, oldMode = allow
03-27 15:12:07.815   560  1905 W ActivityManager: pid 560 system sent binder code 7 with flags 1 to frozen apps and got error -32
03-27 15:12:07.816   560  1905 W WindowManager: Exception thrown during dispatchAppVisibility Window{44cdc8 u0 org.kotfind.android_course.task11/org.kotfind.android_course.MainActivity EXITING}
03-27 15:12:07.816   560  1905 W WindowManager: android.os.DeadObjectException
03-27 15:12:07.816   560  1905 W WindowManager: 	at android.os.BinderProxy.transactNative(Native Method)
03-27 15:12:07.816   560  1905 W WindowManager: 	at android.os.BinderProxy.transact(BinderProxy.java:586)
03-27 15:12:07.816   560  1905 W WindowManager: 	at android.view.IWindow$Stub$Proxy.dispatchAppVisibility(IWindow.java:553)
03-27 15:12:07.816   560  1905 W WindowManager: 	at com.android.server.wm.WindowState.sendAppVisibilityToClients(WindowState.java:3253)
03-27 15:12:07.816   560  1905 W WindowManager: 	at com.android.server.wm.WindowContainer.sendAppVisibilityToClients(WindowContainer.java:1289)
03-27 15:12:07.816   560  1905 W WindowManager: 	at com.android.server.wm.WindowToken.setClientVisible(WindowToken.java:403)
03-27 15:12:07.816   560  1905 W WindowManager: 	at com.android.server.wm.ActivityRecord.setClientVisible(ActivityRecord.java:7166)
03-27 15:12:07.816   560  1905 W WindowManager: 	at com.android.server.wm.ActivityRecord.postApplyAnimation(ActivityRecord.java:5881)
03-27 15:12:07.816   560  1905 W WindowManager: 	at com.android.server.wm.ActivityRecord.commitVisibility(ActivityRecord.java:5823)
03-27 15:12:07.816   560  1905 W WindowManager: 	at com.android.server.wm.Transition.finishTransition(Transition.java:1286)
03-27 15:12:07.816   560  1905 W WindowManager: 	at com.android.server.wm.TransitionController.finishTransition(TransitionController.java:937)
03-27 15:12:07.816   560  1905 W WindowManager: 	at com.android.server.wm.WindowOrganizerController.finishTransition(WindowOrganizerController.java:494)
03-27 15:12:07.816   560  1905 W WindowManager: 	at android.window.IWindowOrganizerController$Stub.onTransact(IWindowOrganizerController.java:289)
03-27 15:12:07.816   560  1905 W WindowManager: 	at com.android.server.wm.WindowOrganizerController.onTransact(WindowOrganizerController.java:204)
03-27 15:12:07.816   560  1905 W WindowManager: 	at android.os.Binder.execTransactInternal(Binder.java:1505)
03-27 15:12:07.816   560  1905 W WindowManager: 	at android.os.Binder.execTransact(Binder.java:1444)
03-27 15:12:07.816   560  1905 W Process : Unable to open /proc/17799/status
03-27 15:12:07.827  1058  1215 D ImsResolver: maybeAddedImsService, packageName: org.kotfind.android_course.task11
03-27 15:12:07.834   883  2610 I PermissionControllerServiceImpl: Updating user sensitive for uid 10154
03-27 15:12:07.846   560 17152 D IntervalStats: Unable to parse usage stats packages: [178, 179]
03-27 15:12:07.857  1058  1058 D ActivityThread: Package [org.kotfind.android_course.task11] reported as REPLACED, but missing application info. Assuming REMOVED.
03-27 15:12:07.870   880   929 V WindowManagerShell: Track 0 became idle
03-27 15:12:07.871   880   929 V WindowManagerShell: All active transition animations finished
03-27 15:12:07.871   880   929 W Looper  : Slow dispatch took 201ms wmshell.main h=android.os.Handler c=com.android.wm.shell.transition.RemoteTransitionHandler$1$$ExternalSyntheticLambda0@12cf72b m=0
03-27 15:12:07.872   880   929 W Looper  : Slow delivery took 201ms wmshell.main h=android.os.Handler c=com.android.wm.shell.common.DisplayInsetsController$PerDisplay$DisplayWindowInsetsControllerImpl$$ExternalSyntheticLambda3@9b68788 m=0
03-27 15:12:07.873   880   929 W Looper  : Drained
03-27 15:12:07.881   560   589 W MagnificationConnectionManager: requestConnection duplicated request: connect=false, mConnectionState=DISCONNECTED
03-27 15:12:07.882   560   589 W VoiceInteractionManager: no available voice recognition services found for user 0
03-27 15:12:07.891   560   560 W IPCThreadState: Sending oneway calls to frozen process.
03-27 15:12:07.891   560   560 W IPCThreadState: Sending oneway calls to frozen process.
03-27 15:12:07.891   560   560 W IPCThreadState: Sending oneway calls to frozen process.
03-27 15:12:07.911   435   435 E BpTransactionCompletedListener: Failed to transact (-32)
03-27 15:12:07.914   560  1487 W UserManagerService: Requested status bar icon for non-badged user 0
03-27 15:12:07.914   560  2227 W UserManagerService: Requested status bar icon for non-badged user 0
03-27 15:12:07.915  1308  1308 I TopTaskTracker: onTaskRemoved: taskId=151
03-27 15:12:07.915  1308  1308 I TopTaskTracker: onTaskRemoved: taskId=151
03-27 15:12:07.924   880   880 D ControlsListingControllerImpl: ServiceConfig reloaded, count: 0
03-27 15:12:07.925  1379  1379 W MediaProvider: WorkProfileOwnerApps cache is empty
03-27 15:12:07.925  1379  1379 D PickerSyncLockManager: Trying to acquire lock com.android.providers.media.photopicker.sync.CloseableReentrantLock@31e3e32[Unlocked]. Lock Name = CLOUD_PROVIDER_LOCK. Threads that may be waiting to acquire this lock = []
03-27 15:12:07.925  1379  1379 D CloseableReentrantLock: Successfully acquired lock com.android.providers.media.photopicker.sync.CloseableReentrantLock@31e3e32[Locked by thread main]. Lock Name = CLOUD_PROVIDER_LOCK. Threads that may be waiting to acquire this lock = []
03-27 15:12:07.925  1379  1379 D CloseableReentrantLock: Successfully released lock com.android.providers.media.photopicker.sync.CloseableReentrantLock@31e3e32[Unlocked]. Lock Name = CLOUD_PROVIDER_LOCK. Threads that may be waiting to acquire this lock = []
03-27 15:12:07.944   880   880 D ControlsListingControllerImpl: ServiceConfig reloaded, count: 0
03-27 15:12:07.945   880   880 D ControlsListingControllerImpl: ServiceConfig reloaded, count: 0
03-27 15:12:07.973  1308  1332 I droid.launcher3: Background concurrent mark compact GC freed 5756KB AllocSpace bytes, 1(20KB) LOS objects, 49% free, 7503KB/14MB, paused 396us,33.180ms total 200.618ms
03-27 15:12:08.029  1308  1308 D StatsLog: LAUNCHER_ALLAPPS_COUNT
03-27 15:12:08.099  1308  1334 W droid.launcher3: ApkAssets: Deleting an ApkAssets object '<empty> and /data/app/~~LEmUGfzgCOGRAZdatEoHtw==/org.kotfind.android_course.task11-f0ZQqsQuw4kgfGu4fl6KGQ==/base.apk' with 1 weak references
03-27 15:12:08.200 17883 17883 D AndroidRuntime: >>>>>> START com.android.internal.os.RuntimeInit uid 2000 <<<<<<
03-27 15:12:08.227 17883 17883 I AndroidRuntime: Using default boot image
03-27 15:12:08.227 17883 17883 I AndroidRuntime: Leaving lock profiling enabled
03-27 15:12:08.234 17883 17883 I app_process: Core platform API reporting enabled, enforcing=false
03-27 15:12:08.235 17883 17883 I app_process: Using CollectorTypeCMC GC.
03-27 15:12:08.288   560   571 I system_server: Background concurrent mark compact GC freed 11MB AllocSpace bytes, 43(892KB) LOS objects, 49% free, 20MB/41MB, paused 1.599ms,8.238ms total 980.343ms
03-27 15:12:08.291   560   573 W system_server: ApkAssets: Deleting an ApkAssets object '<empty> and /product/app/Gallery2/Gallery2.apk' with 1 weak references
03-27 15:12:08.292   560   573 W system_server: ApkAssets: Deleting an ApkAssets object '<empty> and /data/app/~~LEmUGfzgCOGRAZdatEoHtw==/org.kotfind.android_course.task11-f0ZQqsQuw4kgfGu4fl6KGQ==/base.apk' with 1 weak references
03-27 15:12:08.298   560   573 W system_server: ApkAssets: Deleting an ApkAssets object '<empty> and /product/app/LatinIME/LatinIME.apk' with 1 weak references
03-27 15:12:08.300   560   573 W system_server: ApkAssets: Deleting an ApkAssets object '<empty> and /system_ext/app/AccessibilityMenu/AccessibilityMenu.apk' with 1 weak references
03-27 15:12:08.367 17883 17883 D nativeloader: InitDefaultPublicLibraries for_preload=1: libandroid.so:libaaudio.so:libamidi.so:libbinder_ndk.so:libc.so:libcamera2ndk.so:libdl.so:libEGL.so:libGLESv1_CM.so:libGLESv2.so:libGLESv3.so:libicu.so:libicui18n.so:libicuuc.so:libjnigraphics.so:liblog.so:libmediandk.so:libm.so:libnativehelper.so:libnativewindow.so:libOpenMAXAL.so:libOpenSLES.so:libRS.so:libstdc++.so:libsync.so:libvulkan.so:libwebviewchromium_plat_support.so:libz.so
03-27 15:12:08.393 17883 17883 D nativeloader: Load libicu_jni.so using APEX ns com_android_art for caller /apex/com.android.art/javalib/core-oj.jar: ok
03-27 15:12:08.393 17883 17883 D app_process: u_setTimeZoneFilesDirectory("/apex/com.android.tzdata/etc/tz/versioned/8/icu") succeeded. 
03-27 15:12:08.394 17883 17883 D app_process: I18n APEX ICU file found: /apex/com.android.i18n/etc/icu/icudt75l.dat
03-27 15:12:08.422 17883 17883 D nativeloader: Load libjavacore.so using APEX ns com_android_art for caller /apex/com.android.art/javalib/core-oj.jar: ok
03-27 15:12:08.433 17883 17883 D nativeloader: Load libopenjdk.so using APEX ns com_android_art for caller /apex/com.android.art/javalib/core-oj.jar: ok
03-27 15:12:08.435 17883 17883 W app_process: Unexpected CPU variant for x86: x86_64.
03-27 15:12:08.435 17883 17883 W app_process: Known variants: atom, sandybridge, silvermont, goldmont, goldmont-plus, goldmont-without-sha-xsaves, tremont, kabylake, default
03-27 15:12:08.481 17883 17883 D nativeloader: Load libframework-connectivity-tiramisu-jni.so using APEX ns com_android_tethering for caller /apex/com.android.tethering/javalib/framework-connectivity-t.jar: ok
03-27 15:12:08.481 17883 17883 D AndroidRuntime: Calling main entry com.android.commands.monkey.Monkey
03-27 15:12:08.482 17883 17883 W Monkey  : args: [-p, org.kotfind.android_course.task11, -c, android.intent.category.LAUNCHER, 1]
03-27 15:12:08.483 17883 17883 W Monkey  :  arg: "-p"
03-27 15:12:08.483 17883 17883 W Monkey  :  arg: "org.kotfind.android_course.task11"
03-27 15:12:08.483 17883 17883 W Monkey  :  arg: "-c"
03-27 15:12:08.483 17883 17883 W Monkey  :  arg: "android.intent.category.LAUNCHER"
03-27 15:12:08.483 17883 17883 W Monkey  :  arg: "1"
03-27 15:12:08.484 17883 17883 W Monkey  : data="org.kotfind.android_course.task11"
03-27 15:12:08.484 17883 17883 W Monkey  : data="android.intent.category.LAUNCHER"
03-27 15:12:08.507   560  1487 W ActivityManager: registerReceiverWithFeature: no app for null
03-27 15:12:08.529   560  1487 W ActivityTaskManager: callingPackage for (uid=2000, pid=17883) has no WPC
03-27 15:12:08.532   560  1487 W OptProp : Cannot read opt property android.window.PROPERTY_COMPAT_ALLOW_ORIENTATION_OVERRIDE
03-27 15:12:08.533   560  1487 V GrammaticalInflectionUtils: AttributionSource: AttributionSource { uid = 10154, packageName = null, attributionTag = null, token = android.os.Binder@df218af, deviceId = 0, next = null } does not have READ_SYSTEM_GRAMMATICAL_GENDER permission.
03-27 15:12:08.534   560  1487 W OptProp : Cannot read opt property android.window.PROPERTY_COMPAT_ALLOW_RESIZEABLE_ACTIVITY_OVERRIDES
03-27 15:12:08.535   560  1487 W OptProp : Cannot read opt property android.window.PROPERTY_COMPAT_ALLOW_MIN_ASPECT_RATIO_OVERRIDE
03-27 15:12:08.542   560  1487 V SplashScreenExceptionList: SplashScreen checking exception for package org.kotfind.android_course.task11 (target sdk:34) -> false
03-27 15:12:08.574   476   551 W IPCThreadState: Sending oneway calls to frozen process.
03-27 15:12:08.575   880   985 D SplashScreenView: Build android.window.SplashScreenView{f1e35cc V.E...... ......ID 0,0-0,0}
