02-27 02:34:19.965   822   858 V WindowManagerShell: Transition requested: android.os.BinderProxy@4a05361 TransitionRequestInfo { type = OPEN, triggerTask = TaskInfo{userId=0 taskId=16 displayId=0 isRunning=true baseIntent=Intent { flg=0x10000000 cmp=com.kotfind.android_course/.MainActivity } baseActivity=ComponentInfo{com.kotfind.android_course/com.kotfind.android_course.MainActivity} topActivity=ComponentInfo{com.kotfind.android_course/com.kotfind.android_course.MainActivity} origActivity=null realActivity=ComponentInfo{com.kotfind.android_course/com.kotfind.android_course.MainActivity} numActivities=1 lastActiveTime=6381966 supportsMultiWindow=true resizeMode=1 isResizeable=true minWidth=-1 minHeight=-1 defaultMinSize=220 token=WCT{android.window.IWindowContainerToken$Stub$Proxy@fb13e86} topActivityType=1 pictureInPictureParams=null shouldDockBigOverlays=false launchIntoPipHostTaskId=-1 lastParentTaskIdBeforePip=-1 displayCutoutSafeInsets=null topActivityInfo=ActivityInfo{128a347 com.kotfind.android_course.MainActivity} launchCookies=[] positionInParent=Point(0, 0) parentTaskId=-1 isFocused=false isVisible=false isVisibleRequested=false isSleeping=false topActivityInSizeCompat=false topActivityEligibleForLetterboxEducation= false topActivityLetterboxed= false isFromDoubleTap= false topActivityLetterboxVerticalPosition= -1 topActivityLetterboxHorizontalPosition= -1 topActivityLetterboxWidth=-1 topActivityLetterboxHeight=-1 locusId=null displayAreaFeatureId=1 cameraCompatControlState=hidden}, remoteTransition = null, displayChange = null }
02-27 02:34:19.965   534  2761 I ActivityTaskManager: START u0 {flg=0x10000000 cmp=com.kotfind.android_course/.MainActivity} with LAUNCH_MULTIPLE from uid 2000 (BAL_ALLOW_PERMISSION) result code=0
02-27 02:34:19.967   534   556 D CompatibilityChangeReporter: Compat change id reported: 135634846; UID 10141; state: DISABLED
02-27 02:34:19.967   534   566 D CompatibilityChangeReporter: Compat change id reported: 143937733; UID 10141; state: ENABLED
02-27 02:34:19.969   822   889 D SplashScreenView: Build android.window.SplashScreenView{adc49d V.E...... ......ID 0,0-0,0}
02-27 02:34:19.969   822   889 D SplashScreenView: Icon: view: null drawable: null size: 0
02-27 02:34:19.969   822   889 D SplashScreenView: Branding: view: android.view.View{a52bd12 G.ED..... ......I. 0,0-0,0 #10204ef android:id/splashscreen_branding_view} drawable: null size w: 0 h: 0
02-27 02:34:19.972   350   350 D Zygote  : Forked child process 3039
02-27 02:34:19.976   534   566 I ActivityManager: Start proc 3039:com.kotfind.android_course/u0a141 for next-top-activity {com.kotfind.android_course/com.kotfind.android_course.MainActivity}
02-27 02:34:19.984   534  3022 I ImeTracker: com.android.settings:539b3bdd: onRequestHide at ORIGIN_SERVER_HIDE_INPUT reason HIDE_UNSPECIFIED_WINDOW
02-27 02:34:19.984   534  3022 I ImeTracker: com.android.settings:539b3bdd: onCancelled at PHASE_SERVER_SHOULD_HIDE
02-27 02:34:19.985  1031  2663 I OpenGLRenderer: Davey! duration=702ms; Flags=0, FrameTimelineVsyncId=28596, IntendedVsync=6381255561538, Vsync=6381938894844, InputEventId=0, HandleInputStart=6381950408334, AnimationStart=6381950408962, PerformTraversalsStart=6381950486541, DrawStart=6381950576439, FrameDeadline=6381955561510, FrameInterval=6381949604460, FrameStartTime=16666666, SyncQueued=6381952393756, SyncStart=6381952458346, IssueDrawCommandsStart=6381952679607, SwapBuffers=6381954587293, FrameCompleted=6381958194909, DequeueBufferDuration=5015, QueueBufferDuration=884654, GpuCompleted=6381958123425, SwapBuffersCompleted=6381958194909, DisplayPresentTime=0, CommandSubmissionCompleted=6381954587293, 
02-27 02:34:19.996   534   809 W WindowManager: Failed to deliver inset control state change to w=Window{b4b00f3 u0 com.kotfind.android_course/com.kotfind.android_course.MainActivity EXITING}
02-27 02:34:19.996   534   809 W WindowManager: android.os.DeadObjectException
02-27 02:34:19.996   534   809 W WindowManager: 	at android.os.BinderProxy.transactNative(Native Method)
02-27 02:34:19.996   534   809 W WindowManager: 	at android.os.BinderProxy.transact(BinderProxy.java:584)
02-27 02:34:19.996   534   809 W WindowManager: 	at android.view.IWindow$Stub$Proxy.insetsControlChanged(IWindow.java:479)
02-27 02:34:19.996   534   809 W WindowManager: 	at com.android.server.wm.WindowState.notifyInsetsControlChanged(WindowState.java:3802)
02-27 02:34:19.996   534   809 W WindowManager: 	at com.android.server.wm.InsetsStateController.lambda$notifyPendingInsetsControlChanged$3(InsetsStateController.java:343)
02-27 02:34:19.996   534   809 W WindowManager: 	at com.android.server.wm.InsetsStateController.$r8$lambda$8yykPRG1GyNq_J17QvL9d5xANMc(InsetsStateController.java:0)
02-27 02:34:19.996   534   809 W WindowManager: 	at com.android.server.wm.InsetsStateController$$ExternalSyntheticLambda2.run(R8$$SyntheticClass:0)
02-27 02:34:19.996   534   809 W WindowManager: 	at com.android.server.wm.WindowAnimator.executeAfterPrepareSurfacesRunnables(WindowAnimator.java:294)
02-27 02:34:19.996   534   809 W WindowManager: 	at com.android.server.wm.RootWindowContainer.performSurfacePlacementNoTrace(RootWindowContainer.java:811)
02-27 02:34:19.996   534   809 W WindowManager: 	at com.android.server.wm.RootWindowContainer.performSurfacePlacement(RootWindowContainer.java:756)
02-27 02:34:19.996   534   809 W WindowManager: 	at com.android.server.wm.WindowSurfacePlacer.performSurfacePlacementLoop(WindowSurfacePlacer.java:177)
02-27 02:34:19.996   534   809 W WindowManager: 	at com.android.server.wm.WindowSurfacePlacer.performSurfacePlacement(WindowSurfacePlacer.java:126)
02-27 02:34:19.996   534   809 W WindowManager: 	at com.android.server.wm.WindowManagerService.relayoutWindow(WindowManagerService.java:2410)
02-27 02:34:19.996   534   809 W WindowManager: 	at com.android.server.wm.Session.relayout(Session.java:249)
02-27 02:34:19.996   534   809 W WindowManager: 	at android.view.IWindowSession$Stub.onTransact(IWindowSession.java:701)
02-27 02:34:19.996   534   809 W WindowManager: 	at com.android.server.wm.Session.onTransact(Session.java:178)
02-27 02:34:19.996   534   809 W WindowManager: 	at android.os.Binder.execTransactInternal(Binder.java:1344)
02-27 02:34:19.996   534   809 W WindowManager: 	at android.os.Binder.execTransact(Binder.java:1275)
02-27 02:34:19.997   534  3022 D CoreBackPreview: Window{a143b37 u0 Splash Screen com.kotfind.android_course}: Setting back callback OnBackInvokedCallbackInfo{mCallback=android.window.IOnBackInvokedCallback$Stub$Proxy@2c97e2a, mPriority=0, mIsAnimationCallback=false}
02-27 02:34:20.026  3039  3039 I .android_course: Late-enabling -Xcheck:jni
02-27 02:34:20.036  1031  1031 W ElapsedTimeUtils: getElapsedTime: sSuwFinishedTimeStamp is null
02-27 02:34:20.062  3039  3039 I .android_course: Using CollectorTypeCC GC.
02-27 02:34:20.063  3039  3039 W .android_course: Unexpected CPU variant for x86: x86_64.
02-27 02:34:20.063  3039  3039 W .android_course: Known variants: atom, sandybridge, silvermont, goldmont, goldmont-plus, tremont, kabylake, default
02-27 02:34:20.068   425   435 I adbd    : jdwp connection from 3039
02-27 02:34:20.134   534   553 V WindowManager: Sent Transition #24 createdAt=02-27 02:34:19.956 via request=TransitionRequestInfo { type = OPEN, triggerTask = TaskInfo{userId=0 taskId=16 displayId=0 isRunning=true baseIntent=Intent { flg=0x10000000 cmp=com.kotfind.android_course/.MainActivity } baseActivity=ComponentInfo{com.kotfind.android_course/com.kotfind.android_course.MainActivity} topActivity=ComponentInfo{com.kotfind.android_course/com.kotfind.android_course.MainActivity} origActivity=null realActivity=ComponentInfo{com.kotfind.android_course/com.kotfind.android_course.MainActivity} numActivities=1 lastActiveTime=6381966 supportsMultiWindow=true resizeMode=1 isResizeable=true minWidth=-1 minHeight=-1 defaultMinSize=220 token=WCT{RemoteToken{15fbb4d Task{d43abe3 #16 type=standard A=10141:com.kotfind.android_course}}} topActivityType=1 pictureInPictureParams=null shouldDockBigOverlays=false launchIntoPipHostTaskId=-1 lastParentTaskIdBeforePip=-1 displayCutoutSafeInsets=null topActivityInfo=ActivityInfo{b626602 com.kotfind.android_course.MainActivity} launchCookies=[] positionInParent=Point(0, 0) parentTaskId=-1 isFocused=false isVisible=false isVisibleRequested=false isSleeping=false topActivityInSizeCompat=false topActivityEligibleForLetterboxEducation= false topActivityLetterboxed= false isFromDoubleTap= false topActivityLetterboxVerticalPosition= -1 topActivityLetterboxHorizontalPosition= -1 topActivityLetterboxWidth=-1 topActivityLetterboxHeight=-1 locusId=null displayAreaFeatureId=1 cameraCompatControlState=hidden}, remoteTransition = null, displayChange = null }
02-27 02:34:20.134   534   553 V WindowManager:     startWCT=WindowContainerTransaction { changes = {} hops = [] errorCallbackToken=null taskFragmentOrganizer=null }
02-27 02:34:20.135   534   553 V WindowManager:     info={id=24 t=OPEN f=0x0 trk=0 r=[0@Point(0, 0)] c=[{WCT{RemoteToken{15fbb4d Task{d43abe3 #16 type=standard A=10141:com.kotfind.android_course}}} m=OPEN f=NONE leash=Surface(name=Task=16)/@0xed72e77 sb=Rect(0, 0 - 320, 640) eb=Rect(0, 0 - 320, 640) d=0},{WCT{RemoteToken{d959042 Task{d72b68c #9 type=standard A=1000:com.android.settings.root}}} m=TO_BACK f=NONE leash=Surface(name=Task=9)/@0xc74b24 sb=Rect(0, 0 - 320, 640) eb=Rect(0, 0 - 320, 640) d=0}]}
02-27 02:34:20.136  3039  3039 D CompatibilityChangeReporter: Compat change id reported: 171979766; UID 10141; state: ENABLED
02-27 02:34:20.137  3039  3039 D CompatibilityChangeReporter: Compat change id reported: 242716250; UID 10141; state: ENABLED
02-27 02:34:20.153   822   858 V WindowManagerShell: onTransitionReady android.os.BinderProxy@4a05361: {id=24 t=OPEN f=0x0 trk=0 r=[0@Point(0, 0)] c=[{WCT{android.window.IWindowContainerToken$Stub$Proxy@313d6d1} m=OPEN f=NONE leash=Surface(name=Task=16)/@0xb04dc6a sb=Rect(0, 0 - 320, 640) eb=Rect(0, 0 - 320, 640) d=0},{WCT{android.window.IWindowContainerToken$Stub$Proxy@18c5536} m=TO_BACK f=NONE leash=Surface(name=Task=9)/@0x36555b sb=Rect(0, 0 - 320, 640) eb=Rect(0, 0 - 320, 640) d=0}]}
02-27 02:34:20.153   822   858 V WindowManagerShell: Transition (#24)android.os.BinderProxy@4a05361@0 ready while (#23)android.os.BinderProxy@a4ddd63@0 is still animating. Notify the animating transition in case they can be merged
02-27 02:34:20.154   534   557 W WindowManager: Failed to deliver inset control state change to w=Window{b4b00f3 u0 com.kotfind.android_course/com.kotfind.android_course.MainActivity EXITING}
02-27 02:34:20.154   534   557 W WindowManager: android.os.DeadObjectException
02-27 02:34:20.154   534   557 W WindowManager: 	at android.os.BinderProxy.transactNative(Native Method)
02-27 02:34:20.154   534   557 W WindowManager: 	at android.os.BinderProxy.transact(BinderProxy.java:584)
02-27 02:34:20.154   534   557 W WindowManager: 	at android.view.IWindow$Stub$Proxy.insetsControlChanged(IWindow.java:479)
02-27 02:34:20.154   534   557 W WindowManager: 	at com.android.server.wm.WindowState.notifyInsetsControlChanged(WindowState.java:3802)
02-27 02:34:20.154   534   557 W WindowManager: 	at com.android.server.wm.InsetsStateController.lambda$notifyPendingInsetsControlChanged$3(InsetsStateController.java:343)
02-27 02:34:20.154   534   557 W WindowManager: 	at com.android.server.wm.InsetsStateController.$r8$lambda$8yykPRG1GyNq_J17QvL9d5xANMc(InsetsStateController.java:0)
02-27 02:34:20.154   534   557 W WindowManager: 	at com.android.server.wm.InsetsStateController$$ExternalSyntheticLambda2.run(R8$$SyntheticClass:0)
02-27 02:34:20.154   534   557 W WindowManager: 	at com.android.server.wm.WindowAnimator.executeAfterPrepareSurfacesRunnables(WindowAnimator.java:294)
02-27 02:34:20.154   534   557 W WindowManager: 	at com.android.server.wm.RootWindowContainer.performSurfacePlacementNoTrace(RootWindowContainer.java:811)
02-27 02:34:20.154   534   557 W WindowManager: 	at com.android.server.wm.RootWindowContainer.performSurfacePlacement(RootWindowContainer.java:756)
02-27 02:34:20.154   534   557 W WindowManager: 	at com.android.server.wm.WindowSurfacePlacer.performSurfacePlacementLoop(WindowSurfacePlacer.java:177)
02-27 02:34:20.154   534   557 W WindowManager: 	at com.android.server.wm.WindowSurfacePlacer.performSurfacePlacement(WindowSurfacePlacer.java:126)
02-27 02:34:20.154   534   557 W WindowManager: 	at com.android.server.wm.WindowSurfacePlacer.performSurfacePlacement(WindowSurfacePlacer.java:115)
02-27 02:34:20.154   534   557 W WindowManager: 	at com.android.server.wm.WindowSurfacePlacer$Traverser.run(WindowSurfacePlacer.java:57)
02-27 02:34:20.154   534   557 W WindowManager: 	at android.os.Handler.handleCallback(Handler.java:958)
02-27 02:34:20.154   534   557 W WindowManager: 	at android.os.Handler.dispatchMessage(Handler.java:99)
02-27 02:34:20.154   534   557 W WindowManager: 	at android.os.Looper.loopOnce(Looper.java:205)
02-27 02:34:20.154   534   557 W WindowManager: 	at android.os.Looper.loop(Looper.java:294)
02-27 02:34:20.154   534   557 W WindowManager: 	at android.os.HandlerThread.run(HandlerThread.java:67)
02-27 02:34:20.154   534   557 W WindowManager: 	at com.android.server.ServiceThread.run(ServiceThread.java:46)
02-27 02:34:20.169   822   858 V WindowManagerShell: Transition animation finished (aborted=false), notifying core (#23)android.os.BinderProxy@a4ddd63@0
02-27 02:34:20.170   534   553 V WindowManager: Finish Transition #23: created at 02-27 02:34:19.172 collect-started=0.051ms request-sent=0.111ms started=51.145ms ready=51.108ms sent=757.849ms finished=997.762ms
02-27 02:34:20.170   534  1641 W WindowManager: Exception thrown during dispatchAppVisibility Window{b4b00f3 u0 com.kotfind.android_course/com.kotfind.android_course.MainActivity EXITING}
02-27 02:34:20.170   534  1641 W WindowManager: android.os.DeadObjectException
02-27 02:34:20.170   534  1641 W WindowManager: 	at android.os.BinderProxy.transactNative(Native Method)
02-27 02:34:20.170   534  1641 W WindowManager: 	at android.os.BinderProxy.transact(BinderProxy.java:584)
02-27 02:34:20.170   534  1641 W WindowManager: 	at android.view.IWindow$Stub$Proxy.dispatchAppVisibility(IWindow.java:546)
02-27 02:34:20.170   534  1641 W WindowManager: 	at com.android.server.wm.WindowState.sendAppVisibilityToClients(WindowState.java:3271)
02-27 02:34:20.170   534  1641 W WindowManager: 	at com.android.server.wm.WindowContainer.sendAppVisibilityToClients(WindowContainer.java:1221)
02-27 02:34:20.170   534  1641 W WindowManager: 	at com.android.server.wm.WindowToken.setClientVisible(WindowToken.java:409)
02-27 02:34:20.170   534  1641 W WindowManager: 	at com.android.server.wm.ActivityRecord.setClientVisible(ActivityRecord.java:6946)
02-27 02:34:20.170   534  1641 W WindowManager: 	at com.android.server.wm.ActivityRecord.postApplyAnimation(ActivityRecord.java:5637)
02-27 02:34:20.170   534  1641 W WindowManager: 	at com.android.server.wm.ActivityRecord.commitVisibility(ActivityRecord.java:5580)
02-27 02:34:20.170   534  1641 W WindowManager: 	at com.android.server.wm.Transition.finishTransition(Transition.java:1151)
02-27 02:34:20.170   534  1641 W WindowManager: 	at com.android.server.wm.TransitionController.finishTransition(TransitionController.java:868)
02-27 02:34:20.170   534  1641 W WindowManager: 	at com.android.server.wm.WindowOrganizerController.finishTransition(WindowOrganizerController.java:396)
02-27 02:34:20.170   534  1641 W WindowManager: 	at android.window.IWindowOrganizerController$Stub.onTransact(IWindowOrganizerController.java:286)
02-27 02:34:20.170   534  1641 W WindowManager: 	at com.android.server.wm.WindowOrganizerController.onTransact(WindowOrganizerController.java:181)
02-27 02:34:20.170   534  1641 W WindowManager: 	at android.os.Binder.execTransactInternal(Binder.java:1344)
02-27 02:34:20.170   534  1641 W WindowManager: 	at android.os.Binder.execTransact(Binder.java:1275)
02-27 02:34:20.170   534  1641 I Process : Sending signal. PID: 2973 SIG: 9
02-27 02:34:20.173   534   809 D CompatibilityChangeReporter: Compat change id reported: 170503758; UID 10141; state: ENABLED
02-27 02:34:20.177  3039  3039 W ziparchive: Unable to open '/data/app/~~JISuwwwfo9lR1Ere5Dm9yw==/com.kotfind.android_course-YWU2er3JRh1XR_dbUxPUZQ==/base.dm': No such file or directory
02-27 02:34:20.177  3039  3039 W ziparchive: Unable to open '/data/app/~~JISuwwwfo9lR1Ere5Dm9yw==/com.kotfind.android_course-YWU2er3JRh1XR_dbUxPUZQ==/base.dm': No such file or directory
02-27 02:34:20.183   534  1641 W WindowManager: Failed to deliver inset control state change to w=Window{b4b00f3 u0 com.kotfind.android_course/com.kotfind.android_course.MainActivity EXITING}
02-27 02:34:20.183   534  1641 W WindowManager: android.os.DeadObjectException
02-27 02:34:20.183   534  1641 W WindowManager: 	at android.os.BinderProxy.transactNative(Native Method)
02-27 02:34:20.183   534  1641 W WindowManager: 	at android.os.BinderProxy.transact(BinderProxy.java:584)
02-27 02:34:20.183   534  1641 W WindowManager: 	at android.view.IWindow$Stub$Proxy.insetsControlChanged(IWindow.java:479)
02-27 02:34:20.183   534  1641 W WindowManager: 	at com.android.server.wm.WindowState.notifyInsetsControlChanged(WindowState.java:3802)
02-27 02:34:20.183   534  1641 W WindowManager: 	at com.android.server.wm.InsetsStateController.lambda$notifyPendingInsetsControlChanged$3(InsetsStateController.java:343)
02-27 02:34:20.183   534  1641 W WindowManager: 	at com.android.server.wm.InsetsStateController.$r8$lambda$8yykPRG1GyNq_J17QvL9d5xANMc(InsetsStateController.java:0)
02-27 02:34:20.183   534  1641 W WindowManager: 	at com.android.server.wm.InsetsStateController$$ExternalSyntheticLambda2.run(R8$$SyntheticClass:0)
02-27 02:34:20.183   534  1641 W WindowManager: 	at com.android.server.wm.WindowAnimator.executeAfterPrepareSurfacesRunnables(WindowAnimator.java:294)
02-27 02:34:20.183   534  1641 W WindowManager: 	at com.android.server.wm.RootWindowContainer.performSurfacePlacementNoTrace(RootWindowContainer.java:811)
02-27 02:34:20.183   534  1641 W WindowManager: 	at com.android.server.wm.RootWindowContainer.performSurfacePlacement(RootWindowContainer.java:756)
02-27 02:34:20.183   534  1641 W WindowManager: 	at com.android.server.wm.WindowSurfacePlacer.performSurfacePlacementLoop(WindowSurfacePlacer.java:177)
02-27 02:34:20.183   534  1641 W WindowManager: 	at com.android.server.wm.WindowSurfacePlacer.performSurfacePlacement(WindowSurfacePlacer.java:126)
02-27 02:34:20.183   534  1641 W WindowManager: 	at com.android.server.wm.WindowSurfacePlacer.performSurfacePlacement(WindowSurfacePlacer.java:115)
02-27 02:34:20.183   534  1641 W WindowManager: 	at com.android.server.wm.WindowState.setupWindowForRemoveOnExit(WindowState.java:2538)
02-27 02:34:20.183   534  1641 W WindowManager: 	at com.android.server.wm.WindowState.removeIfPossible(WindowState.java:2498)
02-27 02:34:20.183   534  1641 W WindowManager: 	at com.android.server.wm.WindowToken.removeAllWindowsIfPossible(WindowToken.java:249)
02-27 02:34:20.183   534  1641 W WindowManager: 	at com.android.server.wm.ActivityRecord.removeIfPossible(ActivityRecord.java:4259)
02-27 02:34:20.183   534  1641 W WindowManager: 	at com.android.server.wm.ActivityRecord.handleCompleteDeferredRemoval(ActivityRecord.java:4266)
02-27 02:34:20.183   534  1641 W WindowManager: 	at com.android.server.wm.WindowContainer.handleCompleteDeferredRemoval(WindowContainer.java:1396)
02-27 02:34:20.183   534  1641 W WindowManager: 	at com.android.server.wm.TaskFragment.handleCompleteDeferredRemoval(TaskFragment.java:2844)
02-27 02:34:20.183   534  1641 W WindowManager: 	at com.android.server.wm.WindowContainer.handleCompleteDeferredRemoval(WindowContainer.java:1396)
02-27 02:34:20.183   534  1641 W WindowManager: 	at com.android.server.wm.WindowContainer.handleCompleteDeferredRemoval(WindowContainer.java:1396)
02-27 02:34:20.183   534  1641 W WindowManager: 	at com.android.server.wm.WindowContainer.handleCompleteDeferredRemoval(WindowContainer.java:1396)
02-27 02:34:20.183   534  1641 W WindowManager: 	at com.android.server.wm.WindowContainer.handleCompleteDeferredRemoval(WindowContainer.java:1396)
02-27 02:34:20.183   534  1641 W WindowManager: 	at com.android.server.wm.WindowContainer.handleCompleteDeferredRemoval(WindowContainer.java:1396)
02-27 02:34:20.183   534  1641 W WindowManager: 	at com.android.server.wm.WindowContainer.handleCompleteDeferredRemoval(WindowContainer.java:1396)
02-27 02:34:20.183   534  1641 W WindowManager: 	at com.android.server.wm.DisplayContent.handleCompleteDeferredRemoval(DisplayContent.java:3382)
02-27 02:34:20.183   534  1641 W WindowManager: 	at com.android.server.wm.Transition.finishTransition(Transition.java:1322)
02-27 02:34:20.183   534  1641 W WindowManager: 	at com.android.server.wm.TransitionController.finishTransition(TransitionController.java:868)
02-27 02:34:20.183   534  1641 W WindowManager: 	at com.android.server.wm.WindowOrganizerController.finishTransition(WindowOrganizerController.java:396)
02-27 02:34:20.183   534  1641 W WindowManager: 	at android.window.IWindowOrganizerController$Stub.onTransact(IWindowOrganizerController.java:286)
02-27 02:34:20.183   534  1641 W WindowManager: 	at com.android.server.wm.WindowOrganizerController.onTransact(WindowOrganizerController.java:181)
02-27 02:34:20.183   534  1641 W WindowManager: 	at android.os.Binder.execTransactInternal(Binder.java:1344)
02-27 02:34:20.183   534  1641 W WindowManager: 	at android.os.Binder.execTransact(Binder.java:1275)
02-27 02:34:20.185   534   556 W ActivityManager: setHasOverlayUi called on unknown pid: 2973
02-27 02:34:20.196   822   858 V WindowManagerShell: Playing animation for (#24)android.os.BinderProxy@4a05361@0
02-27 02:34:20.196   822   858 V WindowManagerShell:  try handler com.android.wm.shell.transition.DefaultMixedHandler@bd2a2fb
02-27 02:34:20.196   822   858 V WindowManagerShell:  try handler com.android.wm.shell.keyguard.KeyguardTransitionHandler@f7a0f18
02-27 02:34:20.196   822   858 V WindowManagerShell:  try handler com.android.wm.shell.activityembedding.ActivityEmbeddingController@c21ed71
02-27 02:34:20.196   822   858 V WindowManagerShell:  try handler com.android.wm.shell.recents.RecentsTransitionHandler@730b756
02-27 02:34:20.197   822   858 V ShellRecents: RecentsTransitionHandler.startAnimation: no controller found
02-27 02:34:20.197   822   858 V WindowManagerShell:  try handler com.android.wm.shell.pip.PipTransition@a1e73d7
02-27 02:34:20.197   822   858 V WindowManagerShell:  try handler com.android.wm.shell.splitscreen.StageCoordinator@58d04c4
02-27 02:34:20.197   822   858 V WindowManagerShell:  try handler com.android.wm.shell.transition.RemoteTransitionHandler@816efad
02-27 02:34:20.197   822   858 V WindowManagerShell: Transition doesn't have explicit remote, search filters for match for {id=24 t=OPEN f=0x0 trk=0 r=[0@Point(0, 0)] c=[{WCT{android.window.IWindowContainerToken$Stub$Proxy@313d6d1} m=OPEN f=NONE leash=Surface(name=Task=16)/@0xb04dc6a sb=Rect(0, 0 - 320, 640) eb=Rect(0, 0 - 320, 640) d=0},{WCT{android.window.IWindowContainerToken$Stub$Proxy@18c5536} m=TO_BACK f=NONE leash=Surface(name=Task=9)/@0x36555b sb=Rect(0, 0 - 320, 640) eb=Rect(0, 0 - 320, 640) d=0}]}
02-27 02:34:20.200   822   858 V WindowManagerShell:  Checking filter Pair{{types=[] flags=0x0] notFlags=0x100 checks=[{atype=home independent=true modes=[OPEN,TO_FRONT] flags=NONE mustBeTask=false order=TOP topActivity=ComponentInfo{com.android.launcher3/com.android.launcher3.uioverrides.QuickstepLauncher}},{atype=standard independent=true modes=[CLOSE,TO_BACK] flags=NONE mustBeTask=false order=ANY topActivity=null}]} RemoteTransition { remoteTransition = android.window.IRemoteTransition$Stub$Proxy@de638c5, appThread = android.app.IApplicationThread$Stub$Proxy@db0621a, debugName = QuickstepLaunchHome }}
02-27 02:34:20.200   822   858 V WindowManagerShell:  Delegate animation for #24 to null
02-27 02:34:20.200   822   858 V WindowManagerShell:  try handler com.android.wm.shell.transition.DefaultTransitionHandler@eb7a930
02-27 02:34:20.200   822   858 V WindowManagerShell: start default transition animation, info = {id=24 t=OPEN f=0x0 trk=0 r=[0@Point(0, 0)] c=[{WCT{android.window.IWindowContainerToken$Stub$Proxy@313d6d1} m=OPEN f=NONE leash=Surface(name=Task=16)/@0xb04dc6a sb=Rect(0, 0 - 320, 640) eb=Rect(0, 0 - 320, 640) d=0},{WCT{android.window.IWindowContainerToken$Stub$Proxy@18c5536} m=TO_BACK f=NONE leash=Surface(name=Task=9)/@0x36555b sb=Rect(0, 0 - 320, 640) eb=Rect(0, 0 - 320, 640) d=0}]}
02-27 02:34:20.200   822   858 V WindowManagerShell: loadAnimation: anim=android.view.animation.AnimationSet@d0814d3 animAttr=0x9 type=OPEN isEntrance=false
02-27 02:34:20.201   822   858 V WindowManagerShell: loadAnimation: anim=android.view.animation.AnimationSet@c398f09 animAttr=0x8 type=OPEN isEntrance=true
02-27 02:34:20.201   822   895 D EGL_emulation: app_time_stats: avg=7324.87ms min=7324.87ms max=7324.87ms count=1
02-27 02:34:20.202   822   858 V WindowManagerShell:  animated by com.android.wm.shell.transition.DefaultTransitionHandler@eb7a930
02-27 02:34:20.202   822   858 W Looper  : Slow dispatch took 33ms wmshell.main h=android.os.Handler c=com.android.wm.shell.transition.DefaultTransitionHandler$$ExternalSyntheticLambda7@825e53c m=0
02-27 02:34:20.202   822   858 W Looper  : Slow delivery took 33ms wmshell.main h=android.os.Handler c=android.window.TaskOrganizer$1$$ExternalSyntheticLambda5@c6312c5 m=0
02-27 02:34:20.203   822   858 W Looper  : Drained
02-27 02:34:20.204   415   415 E BpTransactionCompletedListener: Failed to transact (-32)
02-27 02:34:20.383  3039  3039 D nativeloader: Configuring clns-6 for other apk /data/app/~~JISuwwwfo9lR1Ere5Dm9yw==/com.kotfind.android_course-YWU2er3JRh1XR_dbUxPUZQ==/base.apk. target_sdk_version=34, uses_libraries=, library_path=/data/app/~~JISuwwwfo9lR1Ere5Dm9yw==/com.kotfind.android_course-YWU2er3JRh1XR_dbUxPUZQ==/lib/x86_64:/data/app/~~JISuwwwfo9lR1Ere5Dm9yw==/com.kotfind.android_course-YWU2er3JRh1XR_dbUxPUZQ==/base.apk!/lib/x86_64, permitted_path=/data:/mnt/expand:/data/user/0/com.kotfind.android_course
02-27 02:34:20.396  3039  3039 V GraphicsEnvironment: Currently set values for:
02-27 02:34:20.396  3039  3039 V GraphicsEnvironment:   angle_gl_driver_selection_pkgs=[]
02-27 02:34:20.396  3039  3039 V GraphicsEnvironment:   angle_gl_driver_selection_values=[]
02-27 02:34:20.396  3039  3039 V GraphicsEnvironment: ANGLE GameManagerService for com.kotfind.android_course: false
02-27 02:34:20.396  3039  3039 V GraphicsEnvironment: com.kotfind.android_course is not listed in per-application setting
02-27 02:34:20.396  3039  3039 V GraphicsEnvironment: Neither updatable production driver nor prerelease driver is supported.
02-27 02:34:20.414   534  1641 I ActivityManager: Flag disabled. Ignoring finishAttachApplication from uid: 10141. pid: 3039
02-27 02:34:20.419  3039  3059 D libEGL  : loaded /vendor/lib64/egl/libEGL_emulation.so
02-27 02:34:20.428  3039  3059 D libEGL  : loaded /vendor/lib64/egl/libGLESv1_CM_emulation.so
02-27 02:34:20.433  3039  3059 D libEGL  : loaded /vendor/lib64/egl/libGLESv2_emulation.so
02-27 02:34:20.492  3039  3039 D CompatibilityChangeReporter: Compat change id reported: 237531167; UID 10141; state: DISABLED
02-27 02:34:20.493  3039  3039 W OpenGLRenderer: Unknown dataspace 0
02-27 02:34:20.722   822   858 V WindowManagerShell: Transition animation finished (aborted=false), notifying core (#24)android.os.BinderProxy@4a05361@0
02-27 02:34:20.729   822   858 V WindowManagerShell: Track 0 became idle
02-27 02:34:20.729   822   858 V WindowManagerShell: All active transition animations finished
02-27 02:34:20.730   534   553 V WindowManager: Finish Transition #24: created at 02-27 02:34:19.956 collect-started=0.042ms request-sent=8.528ms started=25.526ms ready=146.475ms sent=164.065ms finished=766.314ms
02-27 02:34:20.816   534  3022 D CoreBackPreview: Window{340cb9 u0 com.kotfind.android_course/com.kotfind.android_course.MainActivity}: Setting back callback OnBackInvokedCallbackInfo{mCallback=android.window.IOnBackInvokedCallback$Stub$Proxy@51e9d98, mPriority=0, mIsAnimationCallback=false}
02-27 02:34:20.866  3039  3057 W OpenGLRenderer: Failed to initialize 101010-2 format, error = EGL_SUCCESS
02-27 02:34:20.881   157   157 I hwservicemanager: getTransport: Cannot find entry android.hardware.graphics.mapper@4.0::IMapper/default in either framework or device VINTF manifest.
02-27 02:34:20.881  3039  3057 I Gralloc4: mapper 4.x is not supported
02-27 02:34:20.968     0     0 I servicemanager: Could not find android.hardware.graphics.allocator.IAllocator/default in the VINTF manifest.
02-27 02:34:21.385   534   553 W ziparchive: Unable to open '/data/app/~~JISuwwwfo9lR1Ere5Dm9yw==/com.kotfind.android_course-YWU2er3JRh1XR_dbUxPUZQ==/base.dm': No such file or directory
02-27 02:34:21.398   534   553 I ActivityTaskManager: Displayed com.kotfind.android_course/.MainActivity for user 0: +1s434ms
02-27 02:34:21.398  3039  3060 I OpenGLRenderer: Davey! duration=966ms; Flags=1, FrameTimelineVsyncId=29065, IntendedVsync=6382422228158, Vsync=6382488894822, InputEventId=0, HandleInputStart=6382502288030, AnimationStart=6382502290790, PerformTraversalsStart=6382502371219, DrawStart=6382912761651, FrameDeadline=6382438894824, FrameInterval=6382502247165, FrameStartTime=16666666, SyncQueued=6382918817403, SyncStart=6382919299895, IssueDrawCommandsStart=6382919687670, SwapBuffers=6383180581983, FrameCompleted=6383389084797, DequeueBufferDuration=3560, QueueBufferDuration=312468, GpuCompleted=6383389084797, SwapBuffersCompleted=6383382601279, DisplayPresentTime=0, CommandSubmissionCompleted=6383180581983, 
02-27 02:34:21.405  3039  3039 I Choreographer: Skipped 51 frames!  The application may be doing too much work on its main thread.
02-27 02:34:21.419   534  1641 D CompatibilityChangeReporter: Compat change id reported: 214016041; UID 10141; state: ENABLED
02-27 02:34:21.420   534  1641 I ImeTracker: com.kotfind.android_course:e8060b51: onRequestHide at ORIGIN_SERVER_HIDE_INPUT reason HIDE_UNSPECIFIED_WINDOW
02-27 02:34:21.420   534  1641 I ImeTracker: com.kotfind.android_course:e8060b51: onCancelled at PHASE_SERVER_SHOULD_HIDE
02-27 02:34:21.438   822   895 D EGL_emulation: app_time_stats: avg=118.20ms min=1.89ms max=1075.50ms count=10
02-27 02:34:21.747   822   888 W WindowOnBackDispatcher: sendCancelIfRunning: isInProgress=falsecallback=android.view.ViewRootImpl$$ExternalSyntheticLambda17@8270d99
02-27 02:34:21.748   534  1641 W InputManager-JNI: Input channel object 'a143b37 Splash Screen com.kotfind.android_course (client)' was disposed without first being removed with the input manager!
02-27 02:34:21.749   534  3022 D CoreBackPreview: Window{a143b37 u0 Splash Screen com.kotfind.android_course EXITING}: Setting back callback null
02-27 02:34:21.797   822   888 W FrameTracker: Missed App frame:UNKNOWN: 24, 29300, 0, CUJ=J<SPLASHSCREEN_EXIT_ANIM>
02-27 02:34:21.797   822   888 W FrameTracker: Missed SF frame:UNKNOWN: 24, 29300, 0, CUJ=J<SPLASHSCREEN_EXIT_ANIM>
02-27 02:34:21.797   822   888 W FrameTracker: Missing HWUI jank callback for vsyncId: 29300, CUJ=J<SPLASHSCREEN_EXIT_ANIM>
02-27 02:34:21.797   822   888 W FrameTracker: Missed SF frame:UNKNOWN: 80, 29308, 30777551, CUJ=J<SPLASHSCREEN_EXIT_ANIM>
02-27 02:34:21.797   822   888 W FrameTracker: Missed App frame:UNKNOWN: 88, 29330, 0, CUJ=J<SPLASHSCREEN_EXIT_ANIM>
02-27 02:34:21.797   822   888 W FrameTracker: Missed SF frame:UNKNOWN: 88, 29330, 0, CUJ=J<SPLASHSCREEN_EXIT_ANIM>
02-27 02:34:21.797   822   888 W FrameTracker: Missing HWUI jank callback for vsyncId: 29330, CUJ=J<SPLASHSCREEN_EXIT_ANIM>
02-27 02:34:21.797   822   888 W FrameTracker: Missed SF frame:UNKNOWN: 80, 29359, 0, CUJ=J<SPLASHSCREEN_EXIT_ANIM>
02-27 02:34:21.797   822   888 W FrameTracker: Missing HWUI jank callback for vsyncId: 29359, CUJ=J<SPLASHSCREEN_EXIT_ANIM>
02-27 02:34:21.797   822   888 W FrameTracker: Missed SF frame:UNKNOWN: 80, 29388, 46800428, CUJ=J<SPLASHSCREEN_EXIT_ANIM>
02-27 02:34:21.797   822   888 W FrameTracker: Missed SF frame:UNKNOWN: 80, 29410, 42389687, CUJ=J<SPLASHSCREEN_EXIT_ANIM>
02-27 02:34:21.797   822   888 W FrameTracker: Missed SF frame:UNKNOWN: 80, 29427, 46515428, CUJ=J<SPLASHSCREEN_EXIT_ANIM>
02-27 02:34:21.797   822   888 W FrameTracker: Missed App frame:UNKNOWN: 88, 29447, 51234433, CUJ=J<SPLASHSCREEN_EXIT_ANIM>
02-27 02:34:21.797   822   888 W FrameTracker: Missed SF frame:UNKNOWN: 88, 29447, 51234433, CUJ=J<SPLASHSCREEN_EXIT_ANIM>
02-27 02:34:21.797   822   888 W FrameTracker: Missing HWUI jank callback for vsyncId: 29462, CUJ=J<SPLASHSCREEN_EXIT_ANIM>
02-27 02:34:21.797   822   888 W FrameTracker: Missed App frame:UNKNOWN: 88, 29477, 51091101, CUJ=J<SPLASHSCREEN_EXIT_ANIM>
02-27 02:34:21.797   822   888 W FrameTracker: Missed SF frame:UNKNOWN: 88, 29477, 51091101, CUJ=J<SPLASHSCREEN_EXIT_ANIM>
02-27 02:34:21.797   822   888 W FrameTracker: Missed SF frame:UNKNOWN: 66, 29492, 0, CUJ=J<SPLASHSCREEN_EXIT_ANIM>
02-27 02:34:21.797   822   888 W FrameTracker: Missing HWUI jank callback for vsyncId: 29492, CUJ=J<SPLASHSCREEN_EXIT_ANIM>
02-27 02:34:21.797   822   888 W FrameTracker: Missed App frame:UNKNOWN: 88, 29507, 150936267, CUJ=J<SPLASHSCREEN_EXIT_ANIM>
02-27 02:34:21.797   822   888 W FrameTracker: Missed SF frame:UNKNOWN: 88, 29507, 150936267, CUJ=J<SPLASHSCREEN_EXIT_ANIM>
02-27 02:34:21.797   822   866 V PerfettoTrigger: Not triggering com.android.telemetry.interaction-jank-monitor-39 - not enough time since last trigger
02-27 02:34:22.864   822   822 D StatusBarIconController: ignoring old pipeline callbacks, because the new mobile icons are enabled
02-27 02:34:23.239   534  1804 E TaskPersister: File error accessing recents directory (directory doesn't exist?).
02-27 02:34:23.829  3025  3027 I AidlLazyServiceRegistrar: Process has 0 (of 1 available) client(s) in use after notification artd has clients: 0
02-27 02:34:23.829  3025  3027 I AidlLazyServiceRegistrar: Trying to shut down the service. No clients in use for any service in process.
02-27 02:34:23.907     0     0 I servicemanager: Notifying artd they don't (previously: do) have clients when we now have no record of a client
02-27 02:34:23.918     0     0 I servicemanager: Unregistering artd
02-27 02:34:23.921     0     0 I BpBinder: onLastStrongRef automatically unlinking death recipients:
02-27 02:34:23.837  3025  3027 I AidlLazyServiceRegistrar: Unregistered all clients and exiting
02-27 02:34:23.937     0     0 I init    : Service 'artd' (pid 3025) exited with status 0 oneshot service took 4.541000 seconds in background
02-27 02:34:23.944     0     0 I init    : Sending signal 9 to service 'artd' (pid 3025) process group...
02-27 02:34:23.948     0     0 I libprocessgroup: Successfully killed process cgroup uid 1082 pid 3025 in 0ms
02-27 02:34:25.548  3039  3067 D ProfileInstaller: Installing profile for com.kotfind.android_course
02-27 02:34:26.979   807   807 I wpa_supplicant: wlan0: CTRL-EVENT-BEACON-LOSS 
02-27 02:34:29.303     0     0 I logd    : logdr: UID=2000 GID=2000 PID=3068 b tail=0 logMask=99 pid=0 start=0ns deadline=0ns
02-27 02:34:32.854   822   822 D StatusBarIconController: ignoring old pipeline callbacks, because the new mobile icons are enabled
02-27 02:34:32.857   822   895 D EGL_emulation: app_time_stats: avg=1268.66ms min=13.38ms max=11258.65ms count=9
