--------- beginning of kernel
03-27 15:10:25.022     0     0 I logd    : logdr: UID=2000 GID=2000 PID=17851 n tail=0 logMask=99 pid=0 start=0ns deadline=0ns
--------- beginning of main
03-27 15:10:26.264   880  1021 D EGL_emulation: app_time_stats: avg=20029.72ms min=20029.72ms max=20029.72ms count=1
03-27 15:10:26.528 17799 17814 D EGL_emulation: app_time_stats: avg=824.71ms min=1.58ms max=37744.39ms count=46
03-27 15:10:27.539 17799 17814 D EGL_emulation: app_time_stats: avg=9.72ms min=1.54ms max=65.11ms count=44
03-27 15:10:28.556 17799 17814 D EGL_emulation: app_time_stats: avg=4.33ms min=2.65ms max=9.72ms count=59
03-27 15:10:29.559 17799 17814 D EGL_emulation: app_time_stats: avg=8.50ms min=2.33ms max=56.09ms count=54
03-27 15:10:30.742     0     0 I logd    : logdr: UID=2000 GID=2000 PID=17854 n tail=0 logMask=99 pid=0 start=0ns deadline=0ns
03-27 15:11:00.015   880  1021 D EGL_emulation: app_time_stats: avg=33750.62ms min=33750.62ms max=33750.62ms count=1
--------- beginning of system
03-27 15:11:04.646   560   590 D ActivityManager: sync unfroze 16351 org.kotfind.android_course.task8 for 3
03-27 15:11:04.677   368   412 I netd    : tetherGetStats() -> {[]} <1.71ms>
03-27 15:11:04.735 16351 16367 I WM-WorkerWrapper: Worker result SUCCESS for Work [ id=9733e1a1-dc10-4a45-bca1-3f348edfe616, tags={ androidx.glance.session.SessionWorker } ]
03-27 15:11:04.763 16351 16369 I WM-WorkerWrapper: Worker result SUCCESS for Work [ id=64fa6858-e6a6-4780-8bac-1c9c9f57803e, tags={ androidx.glance.session.SessionWorker } ]
03-27 15:11:04.769   560   637 I AppWidgetServiceImpl: getAppWidgetInfo() 0
03-27 15:11:04.774   560   637 I AppWidgetServiceImpl: getAppWidgetOptions() 0
03-27 15:11:04.799   560  2724 I AppWidgetServiceImpl: getAppWidgetInfo() 0
03-27 15:11:04.800   560  2724 I AppWidgetServiceImpl: cannot find widget for appWidgetId=12 uid=10152 packageName=org.kotfind.android_course.task8
03-27 15:11:04.800   560  2724 E AppWidgetServiceImpl: getAppWidgetInfo() returns null because widget is null. appWidgetId=12 userId=0
03-27 15:11:04.800 16351 16351 E AppWidgetManager: App widget provider info is null. PackageName=org.kotfind.android_course.task8 appWidgetId-12
03-27 15:11:04.802   560  2724 I AppWidgetServiceImpl: getAppWidgetOptions() 0
03-27 15:11:04.802   560  2724 I AppWidgetServiceImpl: cannot find widget for appWidgetId=12 uid=10152 packageName=org.kotfind.android_course.task8
03-27 15:11:04.970   560  2724 I AppWidgetServiceImpl: getAppWidgetInfo() 0
03-27 15:11:04.974   560  2724 I AppWidgetServiceImpl: updateAppWidgetIds() 0
03-27 15:11:04.975   560   829 D AppWidgetServiceImpl: Trying to notify widget update for package org.kotfind.android_course.task8 with widget id: 18
03-27 15:11:04.975 16351 16351 E buildUrl: built url: https://cataas.com/cat?json=true&type=small
03-27 15:11:04.982   368 17858 I resolv  : GetAddrInfoHandler::run: {105 105 105 983145 10152 0}
03-27 15:11:04.983   368 17859 I resolv  : res_nmkquery: (QUERY, IN, AAAA)
03-27 15:11:04.983   368 17859 I resolv  : res_stats_usable_server: too many resolution errors, ignoring server
03-27 15:11:04.985   368 17860 I resolv  : res_nmkquery: (QUERY, IN, A)
03-27 15:11:04.988   368 17860 I resolv  : res_stats_usable_server: too many resolution errors, ignoring server
03-27 15:11:04.991   368 17859 I resolv  : res_nsend: used send_dg 28 terrno: 0
03-27 15:11:04.991   368 17859 I resolv  : doQuery: rcode=0, ancount=0, return value=28
03-27 15:11:04.991   368 17860 I resolv  : res_nsend: used send_dg 44 terrno: 0
03-27 15:11:04.992   368 17860 I resolv  : doQuery: rcode=0, ancount=1, return value=44
03-27 15:11:04.996 16351 17572 D TrafficStats: tagSocket(91) with statsTag=0xffffffff, statsUid=-1
03-27 15:11:04.999   560  1159 I AppWidgetServiceImpl: getAppWidgetInfo() 0
03-27 15:11:04.999   560  1159 I AppWidgetServiceImpl: cannot find widget for appWidgetId=12 uid=10152 packageName=org.kotfind.android_course.task8
03-27 15:11:04.999   560  1159 E AppWidgetServiceImpl: getAppWidgetInfo() returns null because widget is null. appWidgetId=12 userId=0
03-27 15:11:04.999 16351 16351 E AppWidgetManager: App widget provider info is null. PackageName=org.kotfind.android_course.task8 appWidgetId-12
03-27 15:11:05.004 16351 16351 E GlanceAppWidget: Error in Glance App Widget
03-27 15:11:05.004 16351 16351 E GlanceAppWidget: java.lang.IllegalArgumentException: No app widget info for 12
03-27 15:11:05.004 16351 16351 E GlanceAppWidget: 	at androidx.glance.appwidget.AppWidgetSession.processEmittableTree(AppWidgetSession.kt:169)
03-27 15:11:05.004 16351 16351 E GlanceAppWidget: 	at androidx.glance.session.SessionWorkerKt$runSession$4$1.invokeSuspend(SessionWorker.kt:210)
03-27 15:11:05.004 16351 16351 E GlanceAppWidget: 	at androidx.glance.session.SessionWorkerKt$runSession$4$1.invoke(Unknown Source:8)
03-27 15:11:05.004 16351 16351 E GlanceAppWidget: 	at androidx.glance.session.SessionWorkerKt$runSession$4$1.invoke(Unknown Source:4)
03-27 15:11:05.004 16351 16351 E GlanceAppWidget: 	at kotlinx.coroutines.flow.FlowKt__MergeKt$mapLatest$1.invokeSuspend(Merge.kt:213)
03-27 15:11:05.004 16351 16351 E GlanceAppWidget: 	at kotlinx.coroutines.flow.FlowKt__MergeKt$mapLatest$1.invoke(Unknown Source:13)
03-27 15:11:05.004 16351 16351 E GlanceAppWidget: 	at kotlinx.coroutines.flow.FlowKt__MergeKt$mapLatest$1.invoke(Unknown Source:4)
03-27 15:11:05.004 16351 16351 E GlanceAppWidget: 	at kotlinx.coroutines.flow.internal.ChannelFlowTransformLatest$flowCollect$3$1$2.invokeSuspend(Merge.kt:30)
03-27 15:11:05.004 16351 16351 E GlanceAppWidget: 	at kotlinx.coroutines.flow.internal.ChannelFlowTransformLatest$flowCollect$3$1$2.invoke(Unknown Source:8)
03-27 15:11:05.004 16351 16351 E GlanceAppWidget: 	at kotlinx.coroutines.flow.internal.ChannelFlowTransformLatest$flowCollect$3$1$2.invoke(Unknown Source:4)
03-27 15:11:05.004 16351 16351 E GlanceAppWidget: 	at kotlinx.coroutines.intrinsics.UndispatchedKt.startCoroutineUndispatched(Undispatched.kt:20)
03-27 15:11:05.004 16351 16351 E GlanceAppWidget: 	at kotlinx.coroutines.CoroutineStart.invoke(CoroutineStart.kt:360)
03-27 15:11:05.004 16351 16351 E GlanceAppWidget: 	at kotlinx.coroutines.AbstractCoroutine.start(AbstractCoroutine.kt:134)
03-27 15:11:05.004 16351 16351 E GlanceAppWidget: 	at kotlinx.coroutines.BuildersKt__Builders_commonKt.launch(Builders.common.kt:52)
03-27 15:11:05.004 16351 16351 E GlanceAppWidget: 	at kotlinx.coroutines.BuildersKt.launch(Unknown Source:1)
03-27 15:11:05.004 16351 16351 E GlanceAppWidget: 	at kotlinx.coroutines.BuildersKt__Builders_commonKt.launch$default(Builders.common.kt:43)
03-27 15:11:05.004 16351 16351 E GlanceAppWidget: 	at kotlinx.coroutines.BuildersKt.launch$default(Unknown Source:1)
03-27 15:11:05.004 16351 16351 E GlanceAppWidget: 	at kotlinx.coroutines.flow.internal.ChannelFlowTransformLatest$flowCollect$3$1.emit(Merge.kt:29)
03-27 15:11:05.004 16351 16351 E GlanceAppWidget: 	at kotlinx.coroutines.flow.StateFlowImpl.collect(StateFlow.kt:401)
03-27 15:11:05.004 16351 16351 E GlanceAppWidget: 	at kotlinx.coroutines.flow.StateFlowImpl$collect$1.invokeSuspend(Unknown Source:15)
03-27 15:11:05.004 16351 16351 E GlanceAppWidget: 	at kotlin.coroutines.jvm.internal.BaseContinuationImpl.resumeWith(ContinuationImpl.kt:33)
03-27 15:11:05.004 16351 16351 E GlanceAppWidget: 	at kotlinx.coroutines.DispatchedTask.run(DispatchedTask.kt:100)
03-27 15:11:05.004 16351 16351 E GlanceAppWidget: 	at android.os.Handler.handleCallback(Handler.java:959)
03-27 15:11:05.004 16351 16351 E GlanceAppWidget: 	at android.os.Handler.dispatchMessage(Handler.java:100)
03-27 15:11:05.004 16351 16351 E GlanceAppWidget: 	at android.os.Looper.loopOnce(Looper.java:232)
03-27 15:11:05.004 16351 16351 E GlanceAppWidget: 	at android.os.Looper.loop(Looper.java:317)
03-27 15:11:05.004 16351 16351 E GlanceAppWidget: 	at android.app.ActivityThread.main(ActivityThread.java:8705)
03-27 15:11:05.004 16351 16351 E GlanceAppWidget: 	at java.lang.reflect.Method.invoke(Native Method)
03-27 15:11:05.004 16351 16351 E GlanceAppWidget: 	at com.android.internal.os.RuntimeInit$MethodAndArgsCaller.run(RuntimeInit.java:580)
03-27 15:11:05.004 16351 16351 E GlanceAppWidget: 	at com.android.internal.os.ZygoteInit.main(ZygoteInit.java:886)
03-27 15:11:05.005   560  1159 I AppWidgetServiceImpl: updateAppWidgetIds() 0
03-27 15:11:05.006   560  1159 I AppWidgetServiceImpl: cannot find widget for appWidgetId=12 uid=10152 packageName=org.kotfind.android_course.task8
03-27 15:11:05.006 16351 16351 E buildUrl: built url: https://cataas.com/cat?json=true&type=small
03-27 15:11:05.008 16351 17693 D TrafficStats: tagSocket(92) with statsTag=0xffffffff, statsUid=-1
03-27 15:11:05.020   560  1159 I AppWidgetServiceImpl: getAppWidgetInfo() 0
03-27 15:11:05.024   560  1159 I AppWidgetServiceImpl: updateAppWidgetIds() 0
03-27 15:11:05.025   560   829 D AppWidgetServiceImpl: Trying to notify widget update for package org.kotfind.android_course.task8 with widget id: 18
03-27 15:11:05.315 16351 17563 D TrafficStats: tagSocket(91) with statsTag=0xffffffff, statsUid=-1
03-27 15:11:05.334 16351 17692 D TrafficStats: tagSocket(93) with statsTag=0xffffffff, statsUid=-1
03-27 15:11:05.734   560  1159 I AppWidgetServiceImpl: getAppWidgetInfo() 0
03-27 15:11:05.734   560  1159 I AppWidgetServiceImpl: cannot find widget for appWidgetId=12 uid=10152 packageName=org.kotfind.android_course.task8
03-27 15:11:05.734   560  1159 E AppWidgetServiceImpl: getAppWidgetInfo() returns null because widget is null. appWidgetId=12 userId=0
03-27 15:11:05.736 16351 16351 E AppWidgetManager: App widget provider info is null. PackageName=org.kotfind.android_course.task8 appWidgetId-12
03-27 15:11:05.738 16351 16351 E GlanceAppWidget: Error in Glance App Widget
03-27 15:11:05.738 16351 16351 E GlanceAppWidget: java.lang.IllegalArgumentException: No app widget info for 12
03-27 15:11:05.738 16351 16351 E GlanceAppWidget: 	at androidx.glance.appwidget.AppWidgetSession.processEmittableTree(AppWidgetSession.kt:169)
03-27 15:11:05.738 16351 16351 E GlanceAppWidget: 	at androidx.glance.session.SessionWorkerKt$runSession$4$1.invokeSuspend(SessionWorker.kt:210)
03-27 15:11:05.738 16351 16351 E GlanceAppWidget: 	at androidx.glance.session.SessionWorkerKt$runSession$4$1.invoke(Unknown Source:8)
03-27 15:11:05.738 16351 16351 E GlanceAppWidget: 	at androidx.glance.session.SessionWorkerKt$runSession$4$1.invoke(Unknown Source:4)
03-27 15:11:05.738 16351 16351 E GlanceAppWidget: 	at kotlinx.coroutines.flow.FlowKt__MergeKt$mapLatest$1.invokeSuspend(Merge.kt:213)
03-27 15:11:05.738 16351 16351 E GlanceAppWidget: 	at kotlinx.coroutines.flow.FlowKt__MergeKt$mapLatest$1.invoke(Unknown Source:13)
03-27 15:11:05.738 16351 16351 E GlanceAppWidget: 	at kotlinx.coroutines.flow.FlowKt__MergeKt$mapLatest$1.invoke(Unknown Source:4)
03-27 15:11:05.738 16351 16351 E GlanceAppWidget: 	at kotlinx.coroutines.flow.internal.ChannelFlowTransformLatest$flowCollect$3$1$2.invokeSuspend(Merge.kt:30)
03-27 15:11:05.738 16351 16351 E GlanceAppWidget: 	at kotlinx.coroutines.flow.internal.ChannelFlowTransformLatest$flowCollect$3$1$2.invoke(Unknown Source:8)
03-27 15:11:05.738 16351 16351 E GlanceAppWidget: 	at kotlinx.coroutines.flow.internal.ChannelFlowTransformLatest$flowCollect$3$1$2.invoke(Unknown Source:4)
03-27 15:11:05.738 16351 16351 E GlanceAppWidget: 	at kotlinx.coroutines.intrinsics.UndispatchedKt.startCoroutineUndispatched(Undispatched.kt:20)
03-27 15:11:05.738 16351 16351 E GlanceAppWidget: 	at kotlinx.coroutines.CoroutineStart.invoke(CoroutineStart.kt:360)
03-27 15:11:05.738 16351 16351 E GlanceAppWidget: 	at kotlinx.coroutines.AbstractCoroutine.start(AbstractCoroutine.kt:134)
03-27 15:11:05.738 16351 16351 E GlanceAppWidget: 	at kotlinx.coroutines.BuildersKt__Builders_commonKt.launch(Builders.common.kt:52)
03-27 15:11:05.738 16351 16351 E GlanceAppWidget: 	at kotlinx.coroutines.BuildersKt.launch(Unknown Source:1)
03-27 15:11:05.738 16351 16351 E GlanceAppWidget: 	at kotlinx.coroutines.BuildersKt__Builders_commonKt.launch$default(Builders.common.kt:43)
03-27 15:11:05.738 16351 16351 E GlanceAppWidget: 	at kotlinx.coroutines.BuildersKt.launch$default(Unknown Source:1)
03-27 15:11:05.738 16351 16351 E GlanceAppWidget: 	at kotlinx.coroutines.flow.internal.ChannelFlowTransformLatest$flowCollect$3$1.emit(Merge.kt:29)
03-27 15:11:05.738 16351 16351 E GlanceAppWidget: 	at kotlinx.coroutines.flow.StateFlowImpl.collect(StateFlow.kt:401)
03-27 15:11:05.738 16351 16351 E GlanceAppWidget: 	at kotlinx.coroutines.flow.StateFlowImpl$collect$1.invokeSuspend(Unknown Source:15)
03-27 15:11:05.738 16351 16351 E GlanceAppWidget: 	at kotlin.coroutines.jvm.internal.BaseContinuationImpl.resumeWith(ContinuationImpl.kt:33)
03-27 15:11:05.738 16351 16351 E GlanceAppWidget: 	at kotlinx.coroutines.DispatchedTask.run(DispatchedTask.kt:100)
03-27 15:11:05.738 16351 16351 E GlanceAppWidget: 	at android.os.Handler.handleCallback(Handler.java:959)
03-27 15:11:05.738 16351 16351 E GlanceAppWidget: 	at android.os.Handler.dispatchMessage(Handler.java:100)
03-27 15:11:05.738 16351 16351 E GlanceAppWidget: 	at android.os.Looper.loopOnce(Looper.java:232)
03-27 15:11:05.738 16351 16351 E GlanceAppWidget: 	at android.os.Looper.loop(Looper.java:317)
03-27 15:11:05.738 16351 16351 E GlanceAppWidget: 	at android.app.ActivityThread.main(ActivityThread.java:8705)
03-27 15:11:05.738 16351 16351 E GlanceAppWidget: 	at java.lang.reflect.Method.invoke(Native Method)
03-27 15:11:05.738 16351 16351 E GlanceAppWidget: 	at com.android.internal.os.RuntimeInit$MethodAndArgsCaller.run(RuntimeInit.java:580)
03-27 15:11:05.738 16351 16351 E GlanceAppWidget: 	at com.android.internal.os.ZygoteInit.main(ZygoteInit.java:886)
03-27 15:11:05.739   560  1159 I AppWidgetServiceImpl: updateAppWidgetIds() 0
03-27 15:11:05.739   560  1159 I AppWidgetServiceImpl: cannot find widget for appWidgetId=12 uid=10152 packageName=org.kotfind.android_course.task8
03-27 15:11:05.744   560  1159 I AppWidgetServiceImpl: getAppWidgetInfo() 0
03-27 15:11:05.748   560  1159 I AppWidgetServiceImpl: updateAppWidgetIds() 0
03-27 15:11:05.749   560   829 D AppWidgetServiceImpl: Trying to notify widget update for package org.kotfind.android_course.task8 with widget id: 18
03-27 15:11:09.802   560   801 D InetDiagMessage: Destroyed 0 sockets, proto=IPPROTO_TCP, family=AF_INET, states=14
03-27 15:11:09.803   560   801 D InetDiagMessage: Destroyed 0 sockets, proto=IPPROTO_TCP, family=AF_INET6, states=14
03-27 15:11:09.803   560   801 D InetDiagMessage: Destroyed live tcp sockets for uids={10152} in 3ms
03-27 15:11:09.804   560   801 D InetDiagMessage: Destroyed 0 sockets, proto=IPPROTO_TCP, family=AF_INET, states=14
03-27 15:11:09.805   560   801 D InetDiagMessage: Destroyed 0 sockets, proto=IPPROTO_TCP, family=AF_INET6, states=14
03-27 15:11:09.805   560   801 D InetDiagMessage: Destroyed live tcp sockets for uids={20152} in 1ms
03-27 15:11:14.793   560   654 D ActivityManager: freezing 16351 org.kotfind.android_course.task8
03-27 15:11:14.794   560   801 D InetDiagMessage: Destroyed 0 sockets, proto=IPPROTO_TCP, family=AF_INET, states=14
03-27 15:11:14.794   560   801 D InetDiagMessage: Destroyed 0 sockets, proto=IPPROTO_TCP, family=AF_INET6, states=14
03-27 15:11:14.794   560   801 D InetDiagMessage: Destroyed live tcp sockets for uids={10152} in 1ms
03-27 15:11:37.875   560   637 D WifiNl80211Manager: Scan result ready event
03-27 15:11:37.875   560   637 D WifiNative: Scan result ready event
03-27 15:11:37.878   560   794 I HalDevMgr: bestIfaceCreationProposal is null, requestIface=STA, existingIface=[name=wlan0 type=STA]
03-27 15:11:56.309   880   899 W ndroid.systemui: ApkAssets: Deleting an ApkAssets object '<empty> and /data/app/~~LEmUGfzgCOGRAZdatEoHtw==/org.kotfind.android_course.task11-f0ZQqsQuw4kgfGu4fl6KGQ==/base.apk' with 2 weak references
03-27 15:12:00.026   880  1021 D EGL_emulation: app_time_stats: avg=60010.57ms min=60010.57ms max=60010.57ms count=1
03-27 15:12:04.638   560   590 D ActivityManager: sync unfroze 16351 org.kotfind.android_course.task8 for 3
03-27 15:12:04.682   368   412 I netd    : tetherGetStats() -> {[]} <4.71ms>
03-27 15:12:04.968 16351 16367 I WM-WorkerWrapper: Worker result SUCCESS for Work [ id=e75b0e38-4f3f-41bc-8a31-2a46921fafdf, tags={ androidx.glance.session.SessionWorker } ]
03-27 15:12:05.155 16351 16369 I WM-WorkerWrapper: Worker result SUCCESS for Work [ id=9b318767-0e9c-4e1c-8c57-58c37b86e355, tags={ androidx.glance.session.SessionWorker } ]
03-27 15:12:05.202   560   637 I AppWidgetServiceImpl: getAppWidgetInfo() 0
03-27 15:12:05.209   560   637 I AppWidgetServiceImpl: getAppWidgetOptions() 0
03-27 15:12:05.289   560  1159 I AppWidgetServiceImpl: getAppWidgetInfo() 0
03-27 15:12:05.290   560  1159 I AppWidgetServiceImpl: cannot find widget for appWidgetId=12 uid=10152 packageName=org.kotfind.android_course.task8
03-27 15:12:05.290   560  1159 E AppWidgetServiceImpl: getAppWidgetInfo() returns null because widget is null. appWidgetId=12 userId=0
03-27 15:12:05.290 16351 16351 E AppWidgetManager: App widget provider info is null. PackageName=org.kotfind.android_course.task8 appWidgetId-12
03-27 15:12:05.292   560  1159 I AppWidgetServiceImpl: getAppWidgetOptions() 0
03-27 15:12:05.292   560  1159 I AppWidgetServiceImpl: cannot find widget for appWidgetId=12 uid=10152 packageName=org.kotfind.android_course.task8
03-27 15:12:05.399   560  1159 I AppWidgetServiceImpl: getAppWidgetInfo() 0
03-27 15:12:05.406   560  1159 I AppWidgetServiceImpl: updateAppWidgetIds() 0
03-27 15:12:05.407   560   829 D AppWidgetServiceImpl: Trying to notify widget update for package org.kotfind.android_course.task8 with widget id: 18
03-27 15:12:05.407 16351 16351 E buildUrl: built url: https://cataas.com/cat?json=true&type=small
03-27 15:12:05.419   368 17861 I resolv  : GetAddrInfoHandler::run: {105 105 105 983145 10152 0}
03-27 15:12:05.420   368 17862 I resolv  : res_nmkquery: (QUERY, IN, AAAA)
03-27 15:12:05.420   368 17862 I resolv  : res_stats_usable_server: too many resolution errors, ignoring server
03-27 15:12:05.420   368 17863 I resolv  : res_nmkquery: (QUERY, IN, A)
03-27 15:12:05.422   368 17863 I resolv  : res_stats_usable_server: too many resolution errors, ignoring server
03-27 15:12:05.423   368 17862 I resolv  : res_nsend: used send_dg 28 terrno: 0
03-27 15:12:05.423   368 17862 I resolv  : doQuery: rcode=0, ancount=0, return value=28
03-27 15:12:05.425   368 17863 I resolv  : res_nsend: used send_dg 44 terrno: 0
03-27 15:12:05.425   368 17863 I resolv  : doQuery: rcode=0, ancount=1, return value=44
03-27 15:12:05.426 16351 17690 D TrafficStats: tagSocket(93) with statsTag=0xffffffff, statsUid=-1
03-27 15:12:05.447   560   637 I AppWidgetServiceImpl: getAppWidgetInfo() 0
03-27 15:12:05.459   560   637 I AppWidgetServiceImpl: updateAppWidgetIds() 0
03-27 15:12:05.460   560   829 D AppWidgetServiceImpl: Trying to notify widget update for package org.kotfind.android_course.task8 with widget id: 18
03-27 15:12:05.487   560   637 I AppWidgetServiceImpl: getAppWidgetInfo() 0
03-27 15:12:05.487   560   637 I AppWidgetServiceImpl: cannot find widget for appWidgetId=12 uid=10152 packageName=org.kotfind.android_course.task8
03-27 15:12:05.487   560   637 E AppWidgetServiceImpl: getAppWidgetInfo() returns null because widget is null. appWidgetId=12 userId=0
03-27 15:12:05.488 16351 16351 E AppWidgetManager: App widget provider info is null. PackageName=org.kotfind.android_course.task8 appWidgetId-12
03-27 15:12:05.492 16351 16351 E GlanceAppWidget: Error in Glance App Widget
03-27 15:12:05.492 16351 16351 E GlanceAppWidget: java.lang.IllegalArgumentException: No app widget info for 12
03-27 15:12:05.492 16351 16351 E GlanceAppWidget: 	at androidx.glance.appwidget.AppWidgetSession.processEmittableTree(AppWidgetSession.kt:169)
03-27 15:12:05.492 16351 16351 E GlanceAppWidget: 	at androidx.glance.session.SessionWorkerKt$runSession$4$1.invokeSuspend(SessionWorker.kt:210)
03-27 15:12:05.492 16351 16351 E GlanceAppWidget: 	at androidx.glance.session.SessionWorkerKt$runSession$4$1.invoke(Unknown Source:8)
03-27 15:12:05.492 16351 16351 E GlanceAppWidget: 	at androidx.glance.session.SessionWorkerKt$runSession$4$1.invoke(Unknown Source:4)
03-27 15:12:05.492 16351 16351 E GlanceAppWidget: 	at kotlinx.coroutines.flow.FlowKt__MergeKt$mapLatest$1.invokeSuspend(Merge.kt:213)
03-27 15:12:05.492 16351 16351 E GlanceAppWidget: 	at kotlinx.coroutines.flow.FlowKt__MergeKt$mapLatest$1.invoke(Unknown Source:13)
03-27 15:12:05.492 16351 16351 E GlanceAppWidget: 	at kotlinx.coroutines.flow.FlowKt__MergeKt$mapLatest$1.invoke(Unknown Source:4)
03-27 15:12:05.492 16351 16351 E GlanceAppWidget: 	at kotlinx.coroutines.flow.internal.ChannelFlowTransformLatest$flowCollect$3$1$2.invokeSuspend(Merge.kt:30)
03-27 15:12:05.492 16351 16351 E GlanceAppWidget: 	at kotlinx.coroutines.flow.internal.ChannelFlowTransformLatest$flowCollect$3$1$2.invoke(Unknown Source:8)
03-27 15:12:05.492 16351 16351 E GlanceAppWidget: 	at kotlinx.coroutines.flow.internal.ChannelFlowTransformLatest$flowCollect$3$1$2.invoke(Unknown Source:4)
03-27 15:12:05.492 16351 16351 E GlanceAppWidget: 	at kotlinx.coroutines.intrinsics.UndispatchedKt.startCoroutineUndispatched(Undispatched.kt:20)
03-27 15:12:05.492 16351 16351 E GlanceAppWidget: 	at kotlinx.coroutines.CoroutineStart.invoke(CoroutineStart.kt:360)
03-27 15:12:05.492 16351 16351 E GlanceAppWidget: 	at kotlinx.coroutines.AbstractCoroutine.start(AbstractCoroutine.kt:134)
03-27 15:12:05.492 16351 16351 E GlanceAppWidget: 	at kotlinx.coroutines.BuildersKt__Builders_commonKt.launch(Builders.common.kt:52)
03-27 15:12:05.492 16351 16351 E GlanceAppWidget: 	at kotlinx.coroutines.BuildersKt.launch(Unknown Source:1)
03-27 15:12:05.492 16351 16351 E GlanceAppWidget: 	at kotlinx.coroutines.BuildersKt__Builders_commonKt.launch$default(Builders.common.kt:43)
03-27 15:12:05.492 16351 16351 E GlanceAppWidget: 	at kotlinx.coroutines.BuildersKt.launch$default(Unknown Source:1)
03-27 15:12:05.492 16351 16351 E GlanceAppWidget: 	at kotlinx.coroutines.flow.internal.ChannelFlowTransformLatest$flowCollect$3$1.emit(Merge.kt:29)
03-27 15:12:05.492 16351 16351 E GlanceAppWidget: 	at kotlinx.coroutines.flow.StateFlowImpl.collect(StateFlow.kt:401)
03-27 15:12:05.492 16351 16351 E GlanceAppWidget: 	at kotlinx.coroutines.flow.StateFlowImpl$collect$1.invokeSuspend(Unknown Source:15)
03-27 15:12:05.492 16351 16351 E GlanceAppWidget: 	at kotlin.coroutines.jvm.internal.BaseContinuationImpl.resumeWith(ContinuationImpl.kt:33)
03-27 15:12:05.492 16351 16351 E GlanceAppWidget: 	at kotlinx.coroutines.DispatchedTask.run(DispatchedTask.kt:100)
03-27 15:12:05.492 16351 16351 E GlanceAppWidget: 	at android.os.Handler.handleCallback(Handler.java:959)
03-27 15:12:05.492 16351 16351 E GlanceAppWidget: 	at android.os.Handler.dispatchMessage(Handler.java:100)
03-27 15:12:05.492 16351 16351 E GlanceAppWidget: 	at android.os.Looper.loopOnce(Looper.java:232)
03-27 15:12:05.492 16351 16351 E GlanceAppWidget: 	at android.os.Looper.loop(Looper.java:317)
03-27 15:12:05.492 16351 16351 E GlanceAppWidget: 	at android.app.ActivityThread.main(ActivityThread.java:8705)
03-27 15:12:05.492 16351 16351 E GlanceAppWidget: 	at java.lang.reflect.Method.invoke(Native Method)
03-27 15:12:05.492 16351 16351 E GlanceAppWidget: 	at com.android.internal.os.RuntimeInit$MethodAndArgsCaller.run(RuntimeInit.java:580)
03-27 15:12:05.492 16351 16351 E GlanceAppWidget: 	at com.android.internal.os.ZygoteInit.main(ZygoteInit.java:886)
03-27 15:12:05.492   560   637 I AppWidgetServiceImpl: updateAppWidgetIds() 0
03-27 15:12:05.492   560   637 I AppWidgetServiceImpl: cannot find widget for appWidgetId=12 uid=10152 packageName=org.kotfind.android_course.task8
03-27 15:12:05.494 16351 16351 E buildUrl: built url: https://cataas.com/cat?json=true&type=small
03-27 15:12:05.498 16351 17563 D TrafficStats: tagSocket(92) with statsTag=0xffffffff, statsUid=-1
03-27 15:12:05.820 16351 17729 D TrafficStats: tagSocket(93) with statsTag=0xffffffff, statsUid=-1
03-27 15:12:05.830 16351 17426 D TrafficStats: tagSocket(91) with statsTag=0xffffffff, statsUid=-1
03-27 15:12:06.259   560   637 I AppWidgetServiceImpl: getAppWidgetInfo() 0
03-27 15:12:06.263   560   637 I AppWidgetServiceImpl: updateAppWidgetIds() 0
03-27 15:12:06.263   560   829 D AppWidgetServiceImpl: Trying to notify widget update for package org.kotfind.android_course.task8 with widget id: 18
03-27 15:12:06.415 17866 17866 E Parcel  : Reading a NULL string not supported here.
03-27 15:12:06.420 17866 17866 W service : type=1400 audit(0.0:7799): avc:  denied  { call } for  scontext=u:r:shell:s0 tcontext=u:r:hal_authsecret_default:s0 tclass=binder permissive=0
03-27 15:12:06.426 17866 17866 E IPCThreadState: Binder transaction failure. id: 8551436, BR_*: 29201, error: -1 (Operation not permitted)
03-27 15:12:06.428 17866 17866 E IPCThreadState: Binder transaction failure. id: 8551441, BR_*: 29201, error: -1 (Operation not permitted)
03-27 15:12:06.489     0     0 W binder_debug: 126 callbacks suppressed
03-27 15:12:06.489     0     0 I binder  : 17866:17866 transaction credentials failed
03-27 15:12:06.489     0     0 I binder  : 17866:17866 transaction call to 416:0 failed 8551436/29201/-1, size 0-0 line 3284
03-27 15:12:06.492     0     0 I binder  : 17866:17866 transaction credentials failed
03-27 15:12:06.493     0     0 I binder  : 17866:17866 transaction call to 844:0 failed 8551441/29201/-1, size 0-0 line 3284
03-27 15:12:06.424 17866 17866 W service : type=1400 audit(0.0:7800): avc:  denied  { call } for  scontext=u:r:shell:s0 tcontext=u:r:hal_face_default:s0 tclass=binder permissive=0
03-27 15:12:06.433 17866 17866 E IPCThreadState: Binder transaction failure. id: 8551445, BR_*: 29201, error: -1 (Operation not permitted)
03-27 15:12:06.495     0     0 I binder  : 17866:17866 transaction credentials failed
03-27 15:12:06.438 17866 17866 E IPCThreadState: Binder transaction failure. id: 8551449, BR_*: 29201, error: -1 (Operation not permitted)
03-27 15:12:06.442 17866 17866 E IPCThreadState: Binder transaction failure. id: 8551453, BR_*: 29201, error: -1 (Operation not permitted)
03-27 15:12:06.444 17866 17866 E IPCThreadState: Binder transaction failure. id: 8551457, BR_*: 29201, error: -1 (Operation not permitted)
03-27 15:12:06.445 17866 17866 E IPCThreadState: Binder transaction failure. id: 8551462, BR_*: 29201, error: -1 (Operation not permitted)
03-27 15:12:06.446 17866 17866 E IPCThreadState: Binder transaction failure. id: 8551471, BR_*: 29201, error: -1 (Operation not permitted)
03-27 15:12:06.446 17866 17866 E IPCThreadState: Binder transaction failure. id: 8551475, BR_*: 29201, error: -1 (Operation not permitted)
03-27 15:12:06.447 17866 17866 E IPCThreadState: Binder transaction failure. id: 8551479, BR_*: 29201, error: -1 (Operation not permitted)
03-27 15:12:06.447 17866 17866 E IPCThreadState: Binder transaction failure. id: 8551483, BR_*: 29201, error: -1 (Operation not permitted)
03-27 15:12:06.447 17866 17866 E IPCThreadState: Binder transaction failure. id: 8551487, BR_*: 29201, error: -1 (Operation not permitted)
03-27 15:12:06.447 17866 17866 E IPCThreadState: Binder transaction failure. id: 8551491, BR_*: 29201, error: -1 (Operation not permitted)
03-27 15:12:06.453 17866 17866 E IPCThreadState: Binder transaction failure. id: 8551515, BR_*: 29201, error: -1 (Operation not permitted)
03-27 15:12:06.455 17866 17866 E IPCThreadState: Binder transaction failure. id: 8551519, BR_*: 29201, error: -1 (Operation not permitted)
03-27 15:12:06.456 17866 17866 E IPCThreadState: Binder transaction failure. id: 8551523, BR_*: 29201, error: -1 (Operation not permitted)
03-27 15:12:06.460 17866 17866 E IPCThreadState: Binder transaction failure. id: 8551528, BR_*: 29201, error: -1 (Operation not permitted)
03-27 15:12:06.462 17866 17866 E IPCThreadState: Binder transaction failure. id: 8551532, BR_*: 29201, error: -1 (Operation not permitted)
03-27 15:12:06.464 17866 17866 E IPCThreadState: Binder transaction failure. id: 8551536, BR_*: 29201, error: -1 (Operation not permitted)
03-27 15:12:06.465 17866 17866 E IPCThreadState: Binder transaction failure. id: 8551540, BR_*: 29201, error: -1 (Operation not permitted)
03-27 15:12:06.497     0     0 I binder  : 17866:17866 transaction call to 842:0 failed 8551445/29201/-1, size 0-0 line 3284
03-27 15:12:06.499     0     0 I binder  : 17866:17866 transaction credentials failed
03-27 15:12:06.501     0     0 I binder  : 17866:17866 transaction call to 394:0 failed 8551449/29201/-1, size 0-0 line 3284
03-27 15:12:06.504     0     0 I binder  : 17866:17866 transaction credentials failed
03-27 15:12:06.505     0     0 I binder  : 17866:17866 transaction call to 378:0 failed 8551453/29201/-1, size 0-0 line 3284
03-27 15:12:06.507     0     0 W audit   : audit_lost=7217 audit_rate_limit=5 audit_backlog_limit=64
03-27 15:12:06.509     0     0 E audit   : rate limit exceeded
03-27 15:12:06.468 17866 17866 E IPCThreadState: Binder transaction failure. id: 8551544, BR_*: 29201, error: -1 (Operation not permitted)
03-27 15:12:06.470 17866 17866 E IPCThreadState: Binder transaction failure. id: 8551548, BR_*: 29201, error: -1 (Operation not permitted)
03-27 15:12:06.472 17866 17866 E IPCThreadState: Binder transaction failure. id: 8551552, BR_*: 29201, error: -1 (Operation not permitted)
03-27 15:12:06.473 17866 17866 E IPCThreadState: Binder transaction failure. id: 8551556, BR_*: 29201, error: -1 (Operation not permitted)
03-27 15:12:06.474 17866 17866 E IPCThreadState: Binder transaction failure. id: 8551560, BR_*: 29201, error: -1 (Operation not permitted)
03-27 15:12:06.424 17866 17866 W service : type=1400 audit(0.0:7801): avc:  denied  { call } for  scontext=u:r:shell:s0 tcontext=u:r:hal_fingerprint_default:s0 tclass=binder permissive=0
03-27 15:12:06.487 17866 17866 E IPCThreadState: Binder transaction failure. id: 8551576, BR_*: 29201, error: -1 (Operation not permitted)
03-27 15:12:06.488 17866 17866 E IPCThreadState: Binder transaction failure. id: 8551580, BR_*: 29201, error: -1 (Operation not permitted)
03-27 15:12:06.488 17866 17866 E IPCThreadState: Binder transaction failure. id: 8551584, BR_*: 29201, error: -1 (Operation not permitted)
03-27 15:12:06.488 17866 17866 E IPCThreadState: Binder transaction failure. id: 8551588, BR_*: 29201, error: -1 (Operation not permitted)
03-27 15:12:06.488 17866 17866 E IPCThreadState: Binder transaction failure. id: 8551592, BR_*: 29201, error: -1 (Operation not permitted)
03-27 15:12:06.488 17866 17866 E IPCThreadState: Binder transaction failure. id: 8551596, BR_*: 29201, error: -1 (Operation not permitted)
03-27 15:12:06.540     0     0 E SELinux : avc:  denied  { find } for pid=17866 uid=2000 name=android.hardware.security.keymint.IKeyMintDevice/default scontext=u:r:shell:s0 tcontext=u:object_r:hal_keymint_service:s0 tclass=service_manager permissive=0
03-27 15:12:06.545     0     0 E SELinux : avc:  denied  { find } for pid=17866 uid=2000 name=android.hardware.security.secureclock.ISecureClock/default scontext=u:r:shell:s0 tcontext=u:object_r:hal_secureclock_service:s0 tclass=service_manager permissive=0
03-27 15:12:06.547     0     0 E SELinux : avc:  denied  { find } for pid=17866 uid=2000 name=android.hardware.security.sharedsecret.ISharedSecret/default scontext=u:r:shell:s0 tcontext=u:object_r:hal_sharedsecret_service:s0 tclass=service_manager permissive=0
03-27 15:12:06.428 17866 17866 W service : type=1400 audit(0.0:7802): avc:  denied  { call } for  scontext=u:r:shell:s0 tcontext=u:r:hal_bluetooth_default:s0 tclass=binder permissive=0
03-27 15:12:06.495 17866 17866 E IPCThreadState: Binder transaction failure. id: 8551644, BR_*: 29201, error: -1 (Operation not permitted)
03-27 15:12:06.495 17866 17866 E IPCThreadState: Binder transaction failure. id: 8551648, BR_*: 29201, error: -1 (Operation not permitted)
03-27 15:12:06.495   560   637 I AppWidgetServiceImpl: getAppWidgetInfo() 0
03-27 15:12:06.496   560   637 I AppWidgetServiceImpl: cannot find widget for appWidgetId=12 uid=10152 packageName=org.kotfind.android_course.task8
03-27 15:12:06.496   560   637 E AppWidgetServiceImpl: getAppWidgetInfo() returns null because widget is null. appWidgetId=12 userId=0
03-27 15:12:06.496 17866 17866 E Parcel  : Reading a NULL string not supported here.
03-27 15:12:06.497 16351 16351 E AppWidgetManager: App widget provider info is null. PackageName=org.kotfind.android_course.task8 appWidgetId-12
03-27 15:12:06.498 17866 17866 E IPCThreadState: Binder transaction failure. id: 8551683, BR_*: 29201, error: -1 (Operation not permitted)
03-27 15:12:06.500 17866 17866 E Parcel  : Reading a NULL string not supported here.
03-27 15:12:06.501 16351 16351 E GlanceAppWidget: Error in Glance App Widget
03-27 15:12:06.501 16351 16351 E GlanceAppWidget: java.lang.IllegalArgumentException: No app widget info for 12
03-27 15:12:06.501 16351 16351 E GlanceAppWidget: 	at androidx.glance.appwidget.AppWidgetSession.processEmittableTree(AppWidgetSession.kt:169)
03-27 15:12:06.501 16351 16351 E GlanceAppWidget: 	at androidx.glance.session.SessionWorkerKt$runSession$4$1.invokeSuspend(SessionWorker.kt:210)
03-27 15:12:06.501 16351 16351 E GlanceAppWidget: 	at androidx.glance.session.SessionWorkerKt$runSession$4$1.invoke(Unknown Source:8)
03-27 15:12:06.501 16351 16351 E GlanceAppWidget: 	at androidx.glance.session.SessionWorkerKt$runSession$4$1.invoke(Unknown Source:4)
03-27 15:12:06.501 16351 16351 E GlanceAppWidget: 	at kotlinx.coroutines.flow.FlowKt__MergeKt$mapLatest$1.invokeSuspend(Merge.kt:213)
03-27 15:12:06.501 16351 16351 E GlanceAppWidget: 	at kotlinx.coroutines.flow.FlowKt__MergeKt$mapLatest$1.invoke(Unknown Source:13)
03-27 15:12:06.501 16351 16351 E GlanceAppWidget: 	at kotlinx.coroutines.flow.FlowKt__MergeKt$mapLatest$1.invoke(Unknown Source:4)
03-27 15:12:06.501 16351 16351 E GlanceAppWidget: 	at kotlinx.coroutines.flow.internal.ChannelFlowTransformLatest$flowCollect$3$1$2.invokeSuspend(Merge.kt:30)
03-27 15:12:06.501 16351 16351 E GlanceAppWidget: 	at kotlinx.coroutines.flow.internal.ChannelFlowTransformLatest$flowCollect$3$1$2.invoke(Unknown Source:8)
03-27 15:12:06.501 16351 16351 E GlanceAppWidget: 	at kotlinx.coroutines.flow.internal.ChannelFlowTransformLatest$flowCollect$3$1$2.invoke(Unknown Source:4)
03-27 15:12:06.501 16351 16351 E GlanceAppWidget: 	at kotlinx.coroutines.intrinsics.UndispatchedKt.startCoroutineUndispatched(Undispatched.kt:20)
03-27 15:12:06.501 16351 16351 E GlanceAppWidget: 	at kotlinx.coroutines.CoroutineStart.invoke(CoroutineStart.kt:360)
03-27 15:12:06.501 16351 16351 E GlanceAppWidget: 	at kotlinx.coroutines.AbstractCoroutine.start(AbstractCoroutine.kt:134)
03-27 15:12:06.501 16351 16351 E GlanceAppWidget: 	at kotlinx.coroutines.BuildersKt__Builders_commonKt.launch(Builders.common.kt:52)
03-27 15:12:06.501 16351 16351 E GlanceAppWidget: 	at kotlinx.coroutines.BuildersKt.launch(Unknown Source:1)
03-27 15:12:06.501 16351 16351 E GlanceAppWidget: 	at kotlinx.coroutines.BuildersKt__Builders_commonKt.launch$default(Builders.common.kt:43)
03-27 15:12:06.501 16351 16351 E GlanceAppWidget: 	at kotlinx.coroutines.BuildersKt.launch$default(Unknown Source:1)
03-27 15:12:06.501 16351 16351 E GlanceAppWidget: 	at kotlinx.coroutines.flow.internal.ChannelFlowTransformLatest$flowCollect$3$1.emit(Merge.kt:29)
03-27 15:12:06.501 16351 16351 E GlanceAppWidget: 	at kotlinx.coroutines.flow.StateFlowImpl.collect(StateFlow.kt:401)
03-27 15:12:06.501 16351 16351 E GlanceAppWidget: 	at kotlinx.coroutines.flow.StateFlowImpl$collect$1.invokeSuspend(Unknown Source:15)
03-27 15:12:06.501 16351 16351 E GlanceAppWidget: 	at kotlin.coroutines.jvm.internal.BaseContinuationImpl.resumeWith(ContinuationImpl.kt:33)
03-27 15:12:06.501 16351 16351 E GlanceAppWidget: 	at kotlinx.coroutines.DispatchedTask.run(DispatchedTask.kt:100)
03-27 15:12:06.501 16351 16351 E GlanceAppWidget: 	at android.os.Handler.handleCallback(Handler.java:959)
03-27 15:12:06.501 16351 16351 E GlanceAppWidget: 	at android.os.Handler.dispatchMessage(Handler.java:100)
03-27 15:12:06.501 16351 16351 E GlanceAppWidget: 	at android.os.Looper.loopOnce(Looper.java:232)
03-27 15:12:06.501 16351 16351 E GlanceAppWidget: 	at android.os.Looper.loop(Looper.java:317)
03-27 15:12:06.501 16351 16351 E GlanceAppWidget: 	at android.app.ActivityThread.main(ActivityThread.java:8705)
03-27 15:12:06.501 16351 16351 E GlanceAppWidget: 	at java.lang.reflect.Method.invoke(Native Method)
03-27 15:12:06.501 16351 16351 E GlanceAppWidget: 	at com.android.internal.os.RuntimeInit$MethodAndArgsCaller.run(RuntimeInit.java:580)
03-27 15:12:06.501 16351 16351 E GlanceAppWidget: 	at com.android.internal.os.ZygoteInit.main(ZygoteInit.java:886)
03-27 15:12:06.501 17866 17866 E Parcel  : Reading a NULL string not supported here.
03-27 15:12:06.555     0     0 E SELinux : avc:  denied  { find } for pid=17866 uid=2000 name=android.service.gatekeeper.IGateKeeperService scontext=u:r:shell:s0 tcontext=u:object_r:gatekeeper_service:s0 tclass=service_manager permissive=0
03-27 15:12:06.501   560  2724 I AppWidgetServiceImpl: updateAppWidgetIds() 0
03-27 15:12:06.501   560  2724 I AppWidgetServiceImpl: cannot find widget for appWidgetId=12 uid=10152 packageName=org.kotfind.android_course.task8
03-27 15:12:06.502 17866 17866 E Parcel  : Reading a NULL string not supported here.
03-27 15:12:06.436 17866 17866 W service : type=1400 audit(0.0:7803): avc:  denied  { call } for  scontext=u:r:shell:s0 tcontext=u:r:hal_audio_default:s0 tclass=binder permissive=0
03-27 15:12:06.507 17866 17866 E Parcel  : Reading a NULL string not supported here.
03-27 15:12:06.510 17866 17866 E Parcel  : Reading a NULL string not supported here.
03-27 15:12:06.512 17866 17866 E Parcel  : Reading a NULL string not supported here.
03-27 15:12:06.512 17866 17866 E Parcel  : Reading a NULL string not supported here.
03-27 15:12:06.518 17866 17866 E Parcel  : Reading a NULL string not supported here.
03-27 15:12:06.519 17866 17866 E Parcel  : Reading a NULL string not supported here.
03-27 15:12:06.585     0     0 E SELinux : avc:  denied  { find } for pid=17866 uid=2000 name=dnsresolver scontext=u:r:shell:s0 tcontext=u:object_r:dnsresolver_service:s0 tclass=service_manager permissive=0
03-27 15:12:06.524 17866 17866 E Parcel  : Reading a NULL string not supported here.
03-27 15:12:06.527 17866 17866 E Parcel  : Reading a NULL string not supported here.
03-27 15:12:06.595     0     0 E SELinux : avc:  denied  { find } for pid=17866 uid=2000 name=incident scontext=u:r:shell:s0 tcontext=u:object_r:incident_service:s0 tclass=service_manager permissive=0
03-27 15:12:06.599     0     0 E SELinux : avc:  denied  { find } for pid=17866 uid=2000 name=installd scontext=u:r:shell:s0 tcontext=u:object_r:installd_service:s0 tclass=service_manager permissive=0
03-27 15:12:06.546 17866 17866 E Parcel  : Reading a NULL string not supported here.
03-27 15:12:06.547 17866 17866 E Parcel  : Reading a NULL string not supported here.
03-27 15:12:06.613     0     0 E SELinux : avc:  denied  { find } for pid=17866 uid=2000 name=mdns scontext=u:r:shell:s0 tcontext=u:object_r:mdns_service:s0 tclass=service_manager permissive=0
03-27 15:12:06.561 17866 17866 E Parcel  : Reading a NULL string not supported here.
03-27 15:12:06.566 17866 17866 E Parcel  : Reading a NULL string not supported here.
03-27 15:12:06.628     0     0 E SELinux : avc:  denied  { find } for pid=17866 uid=2000 name=netd scontext=u:r:shell:s0 tcontext=u:object_r:netd_service:s0 tclass=service_manager permissive=0
03-27 15:12:06.574 17866 17866 E Parcel  : Reading a NULL string not supported here.
03-27 15:12:06.578 17866 17866 E Parcel  : Reading a NULL string not supported here.
03-27 15:12:06.647     0     0 E SELinux : avc:  denied  { find } for pid=17866 uid=2000 name=suspend_control scontext=u:r:shell:s0 tcontext=u:object_r:system_suspend_control_service:s0 tclass=service_manager permissive=0
03-27 15:12:06.650     0     0 E SELinux : avc:  denied  { find } for pid=17866 uid=2000 name=suspend_control_internal scontext=u:r:shell:s0 tcontext=u:object_r:system_suspend_control_internal_service:s0 tclass=service_manager permissive=0
03-27 15:12:06.588 17866 17866 E Parcel  : Reading a NULL string not supported here.
03-27 15:12:06.592 17866 17866 E Parcel  : Reading a NULL string not supported here.
03-27 15:12:06.606 17866 17866 E IPCThreadState: Binder transaction failure. id: 8552707, BR_*: 29201, error: -1 (Operation not permitted)
03-27 15:12:06.666     0     0 E SELinux : avc:  denied  { find } for pid=17866 uid=2000 name=vold scontext=u:r:shell:s0 tcontext=u:object_r:vold_service:s0 tclass=service_manager permissive=0
03-27 15:12:06.635 17868 17868 E Parcel  : Reading a NULL string not supported here.
03-27 15:12:06.642 17868 17868 E IPCThreadState: Binder transaction failure. id: 8552808, BR_*: 29201, error: -1 (Operation not permitted)
03-27 15:12:06.642 17868 17868 E IPCThreadState: Binder transaction failure. id: 8552812, BR_*: 29201, error: -1 (Operation not permitted)
03-27 15:12:06.642 17868 17868 E IPCThreadState: Binder transaction failure. id: 8552816, BR_*: 29201, error: -1 (Operation not permitted)
03-27 15:12:06.643 17868 17868 E IPCThreadState: Binder transaction failure. id: 8552820, BR_*: 29201, error: -1 (Operation not permitted)
03-27 15:12:06.643 17868 17868 E IPCThreadState: Binder transaction failure. id: 8552825, BR_*: 29201, error: -1 (Operation not permitted)
03-27 15:12:06.643 17868 17868 E IPCThreadState: Binder transaction failure. id: 8552829, BR_*: 29201, error: -1 (Operation not permitted)
03-27 15:12:06.643 17868 17868 E IPCThreadState: Binder transaction failure. id: 8552833, BR_*: 29201, error: -1 (Operation not permitted)
03-27 15:12:06.645 17868 17868 E IPCThreadState: Binder transaction failure. id: 8552842, BR_*: 29201, error: -1 (Operation not permitted)
03-27 15:12:06.645 17868 17868 E IPCThreadState: Binder transaction failure. id: 8552846, BR_*: 29201, error: -1 (Operation not permitted)
03-27 15:12:06.645 17868 17868 E IPCThreadState: Binder transaction failure. id: 8552850, BR_*: 29201, error: -1 (Operation not permitted)
03-27 15:12:06.645 17868 17868 E IPCThreadState: Binder transaction failure. id: 8552854, BR_*: 29201, error: -1 (Operation not permitted)
03-27 15:12:06.645 17868 17868 E IPCThreadState: Binder transaction failure. id: 8552858, BR_*: 29201, error: -1 (Operation not permitted)
03-27 15:12:06.645 17868 17868 E IPCThreadState: Binder transaction failure. id: 8552862, BR_*: 29201, error: -1 (Operation not permitted)
03-27 15:12:06.648 17868 17868 E IPCThreadState: Binder transaction failure. id: 8552886, BR_*: 29201, error: -1 (Operation not permitted)
03-27 15:12:06.648 17868 17868 E IPCThreadState: Binder transaction failure. id: 8552890, BR_*: 29201, error: -1 (Operation not permitted)
03-27 15:12:06.648 17868 17868 E IPCThreadState: Binder transaction failure. id: 8552894, BR_*: 29201, error: -1 (Operation not permitted)
03-27 15:12:06.648 17868 17868 E IPCThreadState: Binder transaction failure. id: 8552898, BR_*: 29201, error: -1 (Operation not permitted)
03-27 15:12:06.649 17868 17868 E IPCThreadState: Binder transaction failure. id: 8552902, BR_*: 29201, error: -1 (Operation not permitted)
03-27 15:12:06.650 17868 17868 E IPCThreadState: Binder transaction failure. id: 8552906, BR_*: 29201, error: -1 (Operation not permitted)
03-27 15:12:06.650 17868 17868 E IPCThreadState: Binder transaction failure. id: 8552910, BR_*: 29201, error: -1 (Operation not permitted)
03-27 15:12:06.650 17868 17868 E IPCThreadState: Binder transaction failure. id: 8552914, BR_*: 29201, error: -1 (Operation not permitted)
03-27 15:12:06.650 17868 17868 E IPCThreadState: Binder transaction failure. id: 8552918, BR_*: 29201, error: -1 (Operation not permitted)
03-27 15:12:06.651 17868 17868 E IPCThreadState: Binder transaction failure. id: 8552922, BR_*: 29201, error: -1 (Operation not permitted)
03-27 15:12:06.651 17868 17868 E IPCThreadState: Binder transaction failure. id: 8552926, BR_*: 29201, error: -1 (Operation not permitted)
03-27 15:12:06.651 17868 17868 E IPCThreadState: Binder transaction failure. id: 8552930, BR_*: 29201, error: -1 (Operation not permitted)
03-27 15:12:06.716     0     0 E SELinux : avc:  denied  { find } for pid=17868 uid=2000 name=android.hardware.security.keymint.IKeyMintDevice/default scontext=u:r:shell:s0 tcontext=u:object_r:hal_keymint_service:s0 tclass=service_manager permissive=0
03-27 15:12:06.719     0     0 E SELinux : avc:  denied  { find } for pid=17868 uid=2000 name=android.hardware.security.secureclock.ISecureClock/default scontext=u:r:shell:s0 tcontext=u:object_r:hal_secureclock_service:s0 tclass=service_manager permissive=0
03-27 15:12:06.660 17868 17868 E IPCThreadState: Binder transaction failure. id: 8552946, BR_*: 29201, error: -1 (Operation not permitted)
03-27 15:12:06.660 17868 17868 E IPCThreadState: Binder transaction failure. id: 8552950, BR_*: 29201, error: -1 (Operation not permitted)
03-27 15:12:06.660 17868 17868 E IPCThreadState: Binder transaction failure. id: 8552954, BR_*: 29201, error: -1 (Operation not permitted)
03-27 15:12:06.661 17868 17868 E IPCThreadState: Binder transaction failure. id: 8552958, BR_*: 29201, error: -1 (Operation not permitted)
03-27 15:12:06.661 17868 17868 E IPCThreadState: Binder transaction failure. id: 8552962, BR_*: 29201, error: -1 (Operation not permitted)
03-27 15:12:06.661 17868 17868 E IPCThreadState: Binder transaction failure. id: 8552966, BR_*: 29201, error: -1 (Operation not permitted)
03-27 15:12:06.722     0     0 E SELinux : avc:  denied  { find } for pid=17868 uid=2000 name=android.hardware.security.sharedsecret.ISharedSecret/default scontext=u:r:shell:s0 tcontext=u:object_r:hal_sharedsecret_service:s0 tclass=service_manager permissive=0
03-27 15:12:06.728     0     0 E SELinux : avc:  denied  { find } for pid=17868 uid=2000 name=android.service.gatekeeper.IGateKeeperService scontext=u:r:shell:s0 tcontext=u:object_r:gatekeeper_service:s0 tclass=service_manager permissive=0
03-27 15:12:06.666 17868 17868 E IPCThreadState: Binder transaction failure. id: 8553012, BR_*: 29201, error: -1 (Operation not permitted)
03-27 15:12:06.667 17868 17868 E IPCThreadState: Binder transaction failure. id: 8553016, BR_*: 29201, error: -1 (Operation not permitted)
03-27 15:12:06.668 17868 17868 E Parcel  : Reading a NULL string not supported here.
03-27 15:12:06.671 17868 17868 E IPCThreadState: Binder transaction failure. id: 8553050, BR_*: 29201, error: -1 (Operation not permitted)
03-27 15:12:06.674 17868 17868 E Parcel  : Reading a NULL string not supported here.
03-27 15:12:06.676 17868 17868 E Parcel  : Reading a NULL string not supported here.
03-27 15:12:06.679 17868 17868 E Parcel  : Reading a NULL string not supported here.
03-27 15:12:06.684 17868 17868 E Parcel  : Reading a NULL string not supported here.
03-27 15:12:06.685 17868 17868 E Parcel  : Reading a NULL string not supported here.
03-27 15:12:06.686 17868 17868 E Parcel  : Reading a NULL string not supported here.
03-27 15:12:06.687 17868 17868 E Parcel  : Reading a NULL string not supported here.
03-27 15:12:06.688 17868 17868 E Parcel  : Reading a NULL string not supported here.
03-27 15:12:06.688 17868 17868 E Parcel  : Reading a NULL string not supported here.
03-27 15:12:06.754     0     0 E SELinux : avc:  denied  { find } for pid=17868 uid=2000 name=dnsresolver scontext=u:r:shell:s0 tcontext=u:object_r:dnsresolver_service:s0 tclass=service_manager permissive=0
03-27 15:12:06.692 17868 17868 E Parcel  : Reading a NULL string not supported here.
03-27 15:12:06.693 17868 17868 E Parcel  : Reading a NULL string not supported here.
03-27 15:12:06.760     0     0 E SELinux : avc:  denied  { find } for pid=17868 uid=2000 name=incident scontext=u:r:shell:s0 tcontext=u:object_r:incident_service:s0 tclass=service_manager permissive=0
03-27 15:12:06.762     0     0 E SELinux : avc:  denied  { find } for pid=17868 uid=2000 name=installd scontext=u:r:shell:s0 tcontext=u:object_r:installd_service:s0 tclass=service_manager permissive=0
03-27 15:12:06.703 17868 17868 E Parcel  : Reading a NULL string not supported here.
03-27 15:12:06.703 17868 17868 E Parcel  : Reading a NULL string not supported here.
03-27 15:12:06.769     0     0 E SELinux : avc:  denied  { find } for pid=17868 uid=2000 name=mdns scontext=u:r:shell:s0 tcontext=u:object_r:mdns_service:s0 tclass=service_manager permissive=0
03-27 15:12:06.713 17868 17868 E Parcel  : Reading a NULL string not supported here.
03-27 15:12:06.721 17868 17868 E Parcel  : Reading a NULL string not supported here.
03-27 15:12:06.779     0     0 E SELinux : avc:  denied  { find } for pid=17868 uid=2000 name=netd scontext=u:r:shell:s0 tcontext=u:object_r:netd_service:s0 tclass=service_manager permissive=0
03-27 15:12:06.731 17868 17868 E Parcel  : Reading a NULL string not supported here.
03-27 15:12:06.734 17868 17868 E Parcel  : Reading a NULL string not supported here.
03-27 15:12:06.743 17868 17868 E Parcel  : Reading a NULL string not supported here.
03-27 15:12:06.803     0     0 E SELinux : avc:  denied  { find } for pid=17868 uid=2000 name=suspend_control scontext=u:r:shell:s0 tcontext=u:object_r:system_suspend_control_service:s0 tclass=service_manager permissive=0
03-27 15:12:06.805     0     0 E SELinux : avc:  denied  { find } for pid=17868 uid=2000 name=suspend_control_internal scontext=u:r:shell:s0 tcontext=u:object_r:system_suspend_control_internal_service:s0 tclass=service_manager permissive=0
03-27 15:12:06.744 17868 17868 E Parcel  : Reading a NULL string not supported here.
03-27 15:12:06.815     0     0 E SELinux : avc:  denied  { find } for pid=17868 uid=2000 name=vold scontext=u:r:shell:s0 tcontext=u:object_r:vold_service:s0 tclass=service_manager permissive=0
